ep     1 | eps 0.90 | return   196.54 | HO   2.60 | HOF 64.10 | SE  2.06 | loss nan |      3s
ep    25 | eps 0.89 | return   204.24 | HO   2.91 | HOF 63.07 | SE  2.08 | loss 21.9320 |     79s
ep    50 | eps 0.88 | return   203.18 | HO   2.80 | HOF 63.34 | SE  2.08 | loss 2.4584 |    159s
ep    75 | eps 0.87 | return   208.38 | HO   2.88 | HOF 62.47 | SE  2.09 | loss 0.5458 |    238s
ep   100 | eps 0.86 | return   206.22 | HO   2.95 | HOF 62.69 | SE  2.08 | loss 0.2341 |    319s
ep   125 | eps 0.84 | return   198.39 | HO   2.75 | HOF 64.03 | SE  2.08 | loss 0.1401 |    398s
ep   150 | eps 0.83 | return   204.69 | HO   2.82 | HOF 63.02 | SE  2.08 | loss 0.1739 |    478s
ep   175 | eps 0.82 | return   212.44 | HO   2.89 | HOF 61.80 | SE  2.09 | loss 0.2767 |    558s
ep   200 | eps 0.81 | return   214.43 | HO   2.94 | HOF 61.58 | SE  2.09 | loss 0.2819 |    638s
ep   225 | eps 0.80 | return   216.57 | HO   2.97 | HOF 61.12 | SE  2.09 | loss 0.2028 |    718s
ep   250 | eps 0.79 | return   217.22 | HO   2.96 | HOF 61.04 | SE  2.09 | loss 0.1821 |    798s
ep   275 | eps 0.78 | return   220.11 | HO   3.02 | HOF 60.44 | SE  2.10 | loss 0.1809 |    878s
ep   300 | eps 0.77 | return   219.59 | HO   2.92 | HOF 60.66 | SE  2.10 | loss 0.1761 |    958s
ep   325 | eps 0.76 | return   222.64 | HO   2.95 | HOF 60.25 | SE  2.10 | loss 0.1725 |   1038s
ep   350 | eps 0.74 | return   226.97 | HO   3.11 | HOF 59.39 | SE  2.11 | loss 0.1710 |   1118s
ep   375 | eps 0.73 | return   227.04 | HO   3.00 | HOF 59.61 | SE  2.10 | loss 0.1687 |   1198s
ep   400 | eps 0.72 | return   228.78 | HO   2.94 | HOF 59.39 | SE  2.11 | loss 0.1675 |   1278s
ep   425 | eps 0.71 | return   226.57 | HO   2.85 | HOF 59.64 | SE  2.11 | loss 0.1603 |   1358s
ep   450 | eps 0.70 | return   226.53 | HO   2.83 | HOF 59.82 | SE  2.11 | loss 0.2926 |   1437s
ep   475 | eps 0.69 | return   236.22 | HO   3.23 | HOF 58.18 | SE  2.12 | loss 0.1926 |   1518s
ep   500 | eps 0.68 | return   235.87 | HO   3.19 | HOF 58.16 | SE  2.12 | loss 0.2128 |   1598s
ep   525 | eps 0.67 | return   243.82 | HO   3.12 | HOF 56.80 | SE  2.13 | loss 0.3777 |   1678s
ep   550 | eps 0.66 | return   238.62 | HO   3.15 | HOF 57.63 | SE  2.12 | loss 0.3746 |   1757s
ep   575 | eps 0.64 | return   250.93 | HO   3.32 | HOF 55.63 | SE  2.13 | loss 0.1822 |   1837s
ep   600 | eps 0.63 | return   261.33 | HO   3.37 | HOF 54.10 | SE  2.15 | loss 0.1505 |   1917s
ep   625 | eps 0.62 | return   256.76 | HO   3.16 | HOF 54.91 | SE  2.14 | loss 0.1898 |   1997s
ep   650 | eps 0.61 | return   251.24 | HO   2.80 | HOF 55.85 | SE  2.14 | loss 0.1494 |   2077s
ep   675 | eps 0.60 | return   246.15 | HO   2.69 | HOF 56.70 | SE  2.13 | loss 0.1281 |   2157s
ep   700 | eps 0.59 | return   257.85 | HO   3.10 | HOF 54.75 | SE  2.15 | loss 0.0975 |   2237s
ep   725 | eps 0.58 | return   268.51 | HO   3.26 | HOF 52.92 | SE  2.16 | loss 0.0847 |   2317s
ep   750 | eps 0.57 | return   274.04 | HO   3.31 | HOF 51.89 | SE  2.16 | loss 0.0921 |   2397s
ep   775 | eps 0.56 | return   274.69 | HO   3.33 | HOF 51.88 | SE  2.16 | loss 0.0936 |   2477s
ep   800 | eps 0.54 | return   273.65 | HO   3.21 | HOF 52.13 | SE  2.16 | loss 0.0829 |   2557s
ep   825 | eps 0.53 | return   275.04 | HO   3.06 | HOF 52.00 | SE  2.16 | loss 0.0736 |   2637s
ep   850 | eps 0.52 | return   279.55 | HO   3.07 | HOF 51.23 | SE  2.17 | loss 0.0676 |   2717s
ep   875 | eps 0.51 | return   286.62 | HO   3.27 | HOF 50.05 | SE  2.18 | loss 0.0630 |   2797s
ep   900 | eps 0.50 | return   291.73 | HO   3.41 | HOF 49.16 | SE  2.18 | loss 0.0622 |   2877s
ep   925 | eps 0.49 | return   296.30 | HO   3.42 | HOF 48.47 | SE  2.18 | loss 0.0639 |   2957s
ep   950 | eps 0.48 | return   298.38 | HO   3.46 | HOF 48.10 | SE  2.19 | loss 0.0635 |   3037s
ep   975 | eps 0.47 | return   304.49 | HO   3.71 | HOF 47.12 | SE  2.20 | loss 0.1427 |   3117s
ep  1000 | eps 0.46 | return   308.54 | HO   3.44 | HOF 46.69 | SE  2.20 | loss 0.0869 |   3197s
ep  1025 | eps 0.44 | return   311.90 | HO   3.58 | HOF 45.97 | SE  2.20 | loss 0.0616 |   3277s
ep  1050 | eps 0.43 | return   316.45 | HO   3.72 | HOF 45.09 | SE  2.21 | loss 0.0595 |   3357s
ep  1075 | eps 0.42 | return   321.66 | HO   3.82 | HOF 44.51 | SE  2.22 | loss 0.1333 |   3437s
ep  1100 | eps 0.41 | return   327.70 | HO   3.85 | HOF 43.44 | SE  2.22 | loss 0.1493 |   3517s
ep  1125 | eps 0.40 | return   329.21 | HO   3.88 | HOF 43.36 | SE  2.23 | loss 0.1638 |   3597s
ep  1150 | eps 0.39 | return   333.92 | HO   3.80 | HOF 42.40 | SE  2.23 | loss 0.0693 |   3676s
ep  1175 | eps 0.38 | return   329.58 | HO   3.36 | HOF 43.33 | SE  2.23 | loss 0.0822 |   3757s
ep  1200 | eps 0.37 | return   337.96 | HO   3.54 | HOF 42.01 | SE  2.24 | loss 0.0507 |   3836s
ep  1225 | eps 0.36 | return   341.63 | HO   3.53 | HOF 41.44 | SE  2.24 | loss 0.0493 |   3916s
ep  1250 | eps 0.34 | return   349.89 | HO   3.70 | HOF 40.06 | SE  2.25 | loss 0.0455 |   3996s
ep  1275 | eps 0.33 | return   352.50 | HO   3.81 | HOF 39.36 | SE  2.25 | loss 0.0433 |   4076s
ep  1300 | eps 0.32 | return   358.99 | HO   3.82 | HOF 38.51 | SE  2.26 | loss 0.0391 |   4156s
ep  1325 | eps 0.31 | return   363.40 | HO   3.85 | HOF 37.69 | SE  2.26 | loss 0.0376 |   4236s
ep  1350 | eps 0.30 | return   368.80 | HO   3.82 | HOF 36.80 | SE  2.27 | loss 0.0363 |   4316s
ep  1375 | eps 0.29 | return   373.72 | HO   4.00 | HOF 35.85 | SE  2.27 | loss 0.0343 |   4396s
ep  1400 | eps 0.28 | return   381.00 | HO   4.07 | HOF 34.81 | SE  2.28 | loss 0.0334 |   4476s
ep  1425 | eps 0.27 | return   385.16 | HO   4.08 | HOF 34.11 | SE  2.29 | loss 0.0320 |   4556s
ep  1450 | eps 0.26 | return   391.25 | HO   4.06 | HOF 33.28 | SE  2.29 | loss 0.0315 |   4636s
ep  1475 | eps 0.24 | return   396.52 | HO   4.15 | HOF 32.24 | SE  2.30 | loss 0.0296 |   4716s
ep  1500 | eps 0.23 | return   401.59 | HO   4.17 | HOF 31.58 | SE  2.30 | loss 0.0290 |   4796s
ep  1525 | eps 0.22 | return   409.07 | HO   4.17 | HOF 30.39 | SE  2.31 | loss 0.0284 |   4876s
ep  1550 | eps 0.21 | return   415.80 | HO   4.27 | HOF 29.12 | SE  2.32 | loss 0.0277 |   4956s
ep  1575 | eps 0.20 | return   420.50 | HO   4.34 | HOF 28.24 | SE  2.32 | loss 0.0269 |   5036s
ep  1600 | eps 0.19 | return   429.24 | HO   4.27 | HOF 27.03 | SE  2.33 | loss 0.0259 |   5116s
ep  1625 | eps 0.18 | return   434.05 | HO   4.31 | HOF 26.28 | SE  2.34 | loss 0.0255 |   5196s
ep  1650 | eps 0.17 | return   442.51 | HO   4.37 | HOF 24.73 | SE  2.35 | loss 0.0245 |   5275s
ep  1675 | eps 0.16 | return   448.35 | HO   4.37 | HOF 23.91 | SE  2.35 | loss 0.0239 |   5356s
ep  1700 | eps 0.14 | return   456.42 | HO   4.40 | HOF 22.80 | SE  2.36 | loss 0.0233 |   5436s
ep  1725 | eps 0.13 | return   462.17 | HO   4.38 | HOF 21.78 | SE  2.37 | loss 0.0225 |   5515s
ep  1750 | eps 0.12 | return   468.79 | HO   4.36 | HOF 20.57 | SE  2.38 | loss 0.0223 |   5595s
ep  1775 | eps 0.11 | return   476.80 | HO   4.50 | HOF 19.28 | SE  2.38 | loss 0.0217 |   5675s
ep  1800 | eps 0.10 | return   484.73 | HO   4.44 | HOF 18.02 | SE  2.39 | loss 0.0210 |   5756s
ep  1825 | eps 0.10 | return   488.83 | HO   4.40 | HOF 17.37 | SE  2.40 | loss 0.0206 |   5836s
ep  1850 | eps 0.10 | return   487.14 | HO   4.49 | HOF 17.58 | SE  2.39 | loss 0.0202 |   5915s
ep  1875 | eps 0.10 | return   489.27 | HO   4.49 | HOF 17.33 | SE  2.40 | loss 0.0197 |   5996s
ep  1900 | eps 0.10 | return   488.21 | HO   4.39 | HOF 17.36 | SE  2.40 | loss 0.0195 |   6076s
ep  1925 | eps 0.10 | return   488.16 | HO   4.47 | HOF 17.28 | SE  2.40 | loss 0.0194 |   6155s
ep  1950 | eps 0.10 | return   488.64 | HO   4.44 | HOF 17.46 | SE  2.40 | loss 0.0193 |   6235s
ep  1975 | eps 0.10 | return   488.89 | HO   4.38 | HOF 17.36 | SE  2.40 | loss 0.0191 |   6315s
ep  2000 | eps 0.10 | return   488.48 | HO   4.40 | HOF 17.35 | SE  2.40 | loss 0.0191 |   6395s
ep  2025 | eps 0.10 | return   489.83 | HO   4.38 | HOF 17.31 | SE  2.40 | loss 0.0192 |   6475s
ep  2050 | eps 0.10 | return   488.30 | HO   4.51 | HOF 17.36 | SE  2.39 | loss 0.0190 |   6555s
ep  2075 | eps 0.10 | return   488.31 | HO   4.36 | HOF 17.47 | SE  2.40 | loss 0.0189 |   6635s
ep  2100 | eps 0.10 | return   489.25 | HO   4.38 | HOF 17.35 | SE  2.40 | loss 0.0188 |   6715s
ep  2125 | eps 0.10 | return   489.90 | HO   4.42 | HOF 17.17 | SE  2.40 | loss 0.0186 |   6795s
ep  2150 | eps 0.10 | return   489.20 | HO   4.53 | HOF 17.31 | SE  2.40 | loss 0.0189 |   6875s
ep  2175 | eps 0.10 | return   489.45 | HO   4.42 | HOF 17.21 | SE  2.40 | loss 0.0186 |   6955s
ep  2200 | eps 0.10 | return   487.42 | HO   4.42 | HOF 17.42 | SE  2.39 | loss 0.0186 |   7035s
ep  2225 | eps 0.10 | return   488.27 | HO   4.53 | HOF 17.31 | SE  2.39 | loss 0.0186 |   7114s
ep  2250 | eps 0.10 | return   488.53 | HO   4.47 | HOF 17.32 | SE  2.40 | loss 0.0187 |   7195s
ep  2275 | eps 0.10 | return   489.11 | HO   4.44 | HOF 17.23 | SE  2.40 | loss 0.0186 |   7274s
ep  2300 | eps 0.10 | return   488.47 | HO   4.40 | HOF 17.50 | SE  2.40 | loss 0.0188 |   7354s
ep  2325 | eps 0.10 | return   487.97 | HO   4.47 | HOF 17.37 | SE  2.40 | loss 0.0188 |   7435s
ep  2350 | eps 0.10 | return   486.94 | HO   4.53 | HOF 17.38 | SE  2.40 | loss 0.0188 |   7514s
ep  2375 | eps 0.10 | return   486.33 | HO   4.55 | HOF 17.42 | SE  2.39 | loss 0.0188 |   7595s
ep  2400 | eps 0.10 | return   489.15 | HO   4.53 | HOF 17.18 | SE  2.40 | loss 0.0187 |   7675s
ep  2425 | eps 0.10 | return   488.18 | HO   4.46 | HOF 17.32 | SE  2.40 | loss 0.0188 |   7754s
ep  2450 | eps 0.10 | return   488.58 | HO   4.42 | HOF 17.33 | SE  2.40 | loss 0.0185 |   7834s
ep  2475 | eps 0.10 | return   488.41 | HO   4.41 | HOF 17.21 | SE  2.40 | loss 0.0183 |   7914s
ep  2500 | eps 0.10 | return   487.56 | HO   4.44 | HOF 17.46 | SE  2.40 | loss 0.0184 |   7994s
ep  2525 | eps 0.10 | return   488.13 | HO   4.50 | HOF 17.27 | SE  2.40 | loss 0.0182 |   8074s
ep  2550 | eps 0.10 | return   488.20 | HO   4.47 | HOF 17.23 | SE  2.40 | loss 0.0184 |   8154s
ep  2575 | eps 0.10 | return   488.16 | HO   4.56 | HOF 17.36 | SE  2.40 | loss 0.0183 |   8234s
ep  2600 | eps 0.10 | return   488.36 | HO   4.38 | HOF 17.27 | SE  2.40 | loss 0.0186 |   8314s
ep  2625 | eps 0.10 | return   488.11 | HO   4.44 | HOF 17.50 | SE  2.40 | loss 0.0187 |   8394s
ep  2650 | eps 0.10 | return   488.27 | HO   4.43 | HOF 17.51 | SE  2.40 | loss 0.0188 |   8473s
ep  2675 | eps 0.10 | return   488.34 | HO   4.51 | HOF 17.16 | SE  2.40 | loss 0.0188 |   8553s
ep  2700 | eps 0.10 | return   489.56 | HO   4.56 | HOF 17.09 | SE  2.40 | loss 0.0190 |   8633s
ep  2725 | eps 0.10 | return   488.19 | HO   4.58 | HOF 17.18 | SE  2.40 | loss 0.0189 |   8713s
ep  2750 | eps 0.10 | return   488.48 | HO   4.43 | HOF 17.39 | SE  2.40 | loss 0.0189 |   8793s
ep  2775 | eps 0.10 | return   488.02 | HO   4.63 | HOF 17.22 | SE  2.40 | loss 0.0191 |   8873s
ep  2800 | eps 0.10 | return   489.44 | HO   4.53 | HOF 17.09 | SE  2.40 | loss 0.0188 |   8953s
ep  2825 | eps 0.10 | return   490.17 | HO   4.48 | HOF 17.10 | SE  2.40 | loss 0.0188 |   9033s
ep  2850 | eps 0.10 | return   487.27 | HO   4.51 | HOF 17.23 | SE  2.39 | loss 0.0190 |   9113s
ep  2875 | eps 0.10 | return   487.41 | HO   4.55 | HOF 17.31 | SE  2.39 | loss 0.0190 |   9193s
ep  2900 | eps 0.10 | return   488.09 | HO   4.50 | HOF 17.34 | SE  2.40 | loss 0.0189 |   9272s
ep  2925 | eps 0.10 | return   488.83 | HO   4.51 | HOF 17.28 | SE  2.40 | loss 0.0190 |   9353s
ep  2950 | eps 0.10 | return   487.97 | HO   4.53 | HOF 17.26 | SE  2.40 | loss 0.0191 |   9434s
ep  2975 | eps 0.10 | return   489.82 | HO   4.55 | HOF 17.00 | SE  2.40 | loss 0.0192 |   9514s
ep  3000 | eps 0.10 | return   489.72 | HO   4.40 | HOF 17.20 | SE  2.40 | loss 0.0191 |   9594s
