############ [A5 1/4] native train: Phase 1-a, 3000 ep ############ Wed, Sep 16, 2026 12:23:59 AM
replay buffer: 168 episodes (17.8 MB/episode)
C:\Users\84946\Documents\learning\6G_NTN\src\ilcho\train.py:127: RuntimeWarning: Mean of empty slice
  f"loss {np.nanmean(hist['loss'][w]):.4f} | "
ep     1 | eps 0.90 | return  -928.53 | HO   0.79 | HOF 186.08 | SE  0.94 | loss nan |     12s
ep    25 | eps 0.89 | return  -932.65 | HO   0.72 | HOF 186.56 | SE  0.94 | loss 0.3907 |    251s
ep    50 | eps 0.88 | return  -927.18 | HO   0.72 | HOF 185.38 | SE  0.94 | loss 0.1520 |    498s
ep    75 | eps 0.87 | return  -931.11 | HO   0.74 | HOF 186.08 | SE  0.94 | loss 0.0891 |    743s
ep   100 | eps 0.86 | return  -933.07 | HO   0.76 | HOF 186.51 | SE  0.94 | loss 0.0667 |    984s
ep   125 | eps 0.84 | return  -928.79 | HO   0.76 | HOF 185.84 | SE  0.94 | loss 0.0605 |   1227s
ep   150 | eps 0.83 | return  -923.07 | HO   0.78 | HOF 184.62 | SE  0.94 | loss 0.0594 |   1470s
ep   175 | eps 0.82 | return  -930.26 | HO   0.79 | HOF 186.12 | SE  0.94 | loss 0.0704 |   1714s
ep   200 | eps 0.81 | return  -925.04 | HO   0.80 | HOF 184.94 | SE  0.94 | loss 0.1064 |   1956s
ep   225 | eps 0.80 | return  -927.20 | HO   0.73 | HOF 185.47 | SE  0.94 | loss 0.4206 |   2197s
ep   250 | eps 0.79 | return  -933.30 | HO   0.67 | HOF 186.61 | SE  0.93 | loss 0.3305 |   2438s
ep   275 | eps 0.78 | return  -934.11 | HO   0.69 | HOF 186.75 | SE  0.93 | loss 0.1247 |   2678s
ep   300 | eps 0.77 | return  -920.65 | HO   0.81 | HOF 184.26 | SE  0.95 | loss 0.1438 |   2919s
ep   325 | eps 0.76 | return  -920.58 | HO   0.79 | HOF 184.20 | SE  0.95 | loss 0.1352 |   3159s
ep   350 | eps 0.74 | return  -919.34 | HO   0.75 | HOF 184.10 | SE  0.95 | loss 0.0907 |   3400s
ep   375 | eps 0.73 | return  -916.52 | HO   0.71 | HOF 183.18 | SE  0.95 | loss 0.0812 |   3641s
ep   400 | eps 0.72 | return  -918.98 | HO   0.74 | HOF 183.82 | SE  0.95 | loss 0.0850 |   3881s
ep   425 | eps 0.71 | return  -920.51 | HO   0.74 | HOF 184.16 | SE  0.95 | loss 0.0857 |   4122s
ep   450 | eps 0.70 | return  -909.30 | HO   0.81 | HOF 181.70 | SE  0.95 | loss 0.0784 |   4363s
ep   475 | eps 0.69 | return  -911.04 | HO   0.85 | HOF 182.35 | SE  0.96 | loss 0.0763 |   4603s
ep   500 | eps 0.68 | return  -912.06 | HO   0.82 | HOF 182.57 | SE  0.96 | loss 0.1092 |   4844s
ep   525 | eps 0.67 | return  -909.93 | HO   0.78 | HOF 182.01 | SE  0.96 | loss 0.1147 |   5085s
ep   550 | eps 0.66 | return  -897.06 | HO   0.90 | HOF 179.55 | SE  0.97 | loss 0.0747 |   5326s
ep   575 | eps 0.64 | return  -898.99 | HO   0.94 | HOF 179.83 | SE  0.97 | loss 0.0547 |   5566s
ep   600 | eps 0.63 | return  -897.47 | HO   0.91 | HOF 179.45 | SE  0.97 | loss 0.0895 |   5807s
ep   625 | eps 0.62 | return  -906.20 | HO   0.78 | HOF 181.39 | SE  0.96 | loss 0.1623 |   6048s
ep   650 | eps 0.61 | return  -897.13 | HO   0.92 | HOF 179.55 | SE  0.97 | loss 0.0665 |   6288s
ep   675 | eps 0.60 | return  -893.68 | HO   0.89 | HOF 178.70 | SE  0.97 | loss 0.1080 |   6528s
ep   700 | eps 0.59 | return  -901.04 | HO   0.88 | HOF 180.53 | SE  0.97 | loss 0.0916 |   6769s
ep   725 | eps 0.58 | return  -904.31 | HO   0.83 | HOF 181.14 | SE  0.97 | loss 0.1106 |   7009s
ep   750 | eps 0.57 | return  -883.24 | HO   1.02 | HOF 176.75 | SE  0.98 | loss 0.0996 |   7250s
ep   775 | eps 0.56 | return  -889.39 | HO   0.95 | HOF 177.93 | SE  0.97 | loss 0.0650 |   7490s
ep   800 | eps 0.54 | return  -880.36 | HO   1.01 | HOF 176.00 | SE  0.98 | loss 0.0617 |   7731s
ep   825 | eps 0.53 | return  -881.18 | HO   1.00 | HOF 176.15 | SE  0.98 | loss 0.0809 |   7972s
ep   850 | eps 0.52 | return  -873.66 | HO   1.13 | HOF 174.82 | SE  0.99 | loss 0.0571 |   8212s
ep   875 | eps 0.51 | return  -871.33 | HO   1.00 | HOF 174.06 | SE  0.99 | loss 0.0488 |   8452s
ep   900 | eps 0.50 | return  -871.65 | HO   1.07 | HOF 174.32 | SE  0.99 | loss 0.0483 |   8692s
ep   925 | eps 0.49 | return  -868.73 | HO   1.11 | HOF 173.68 | SE  0.99 | loss 0.0489 |   8934s
ep   950 | eps 0.48 | return  -868.96 | HO   1.09 | HOF 173.86 | SE  0.99 | loss 0.0541 |   9174s
ep   975 | eps 0.47 | return  -868.76 | HO   1.10 | HOF 173.84 | SE  0.99 | loss 0.0902 |   9414s
ep  1000 | eps 0.46 | return  -863.94 | HO   1.13 | HOF 172.91 | SE  1.00 | loss 0.0967 |   9655s
ep  1025 | eps 0.44 | return  -855.47 | HO   1.23 | HOF 171.01 | SE  1.00 | loss 0.0726 |   9895s
ep  1050 | eps 0.43 | return  -855.58 | HO   1.34 | HOF 171.24 | SE  1.01 | loss 0.0525 |  10135s
ep  1075 | eps 0.42 | return  -852.19 | HO   1.20 | HOF 170.58 | SE  1.01 | loss 0.0451 |  10376s
ep  1100 | eps 0.41 | return  -853.19 | HO   1.12 | HOF 170.69 | SE  1.01 | loss 0.0454 |  10616s
ep  1125 | eps 0.40 | return  -852.30 | HO   1.19 | HOF 170.48 | SE  1.01 | loss 0.0458 |  10856s
ep  1150 | eps 0.39 | return  -836.79 | HO   1.43 | HOF 167.14 | SE  1.02 | loss 0.0472 |  11097s
ep  1175 | eps 0.38 | return  -831.70 | HO   1.56 | HOF 166.04 | SE  1.02 | loss 0.0487 |  11338s
ep  1200 | eps 0.37 | return  -835.65 | HO   1.44 | HOF 167.06 | SE  1.02 | loss 0.0460 |  11578s
ep  1225 | eps 0.36 | return  -826.97 | HO   1.38 | HOF 165.23 | SE  1.02 | loss 0.0406 |  11819s
ep  1250 | eps 0.34 | return  -830.05 | HO   1.42 | HOF 166.07 | SE  1.03 | loss 0.0399 |  12059s
ep  1275 | eps 0.33 | return  -829.29 | HO   1.47 | HOF 165.78 | SE  1.03 | loss 0.0393 |  12299s
ep  1300 | eps 0.32 | return  -821.55 | HO   1.50 | HOF 164.23 | SE  1.03 | loss 0.0389 |  12540s
ep  1325 | eps 0.31 | return  -819.89 | HO   1.48 | HOF 164.03 | SE  1.04 | loss 0.0379 |  12781s
ep  1350 | eps 0.30 | return  -813.42 | HO   1.52 | HOF 162.64 | SE  1.04 | loss 0.0381 |  13022s
ep  1375 | eps 0.29 | return  -806.73 | HO   1.59 | HOF 161.24 | SE  1.04 | loss 0.0382 |  13262s
ep  1400 | eps 0.28 | return  -805.88 | HO   1.60 | HOF 161.12 | SE  1.05 | loss 0.0364 |  13503s
ep  1425 | eps 0.27 | return  -799.87 | HO   1.59 | HOF 159.85 | SE  1.05 | loss 0.0367 |  13743s
ep  1450 | eps 0.26 | return  -802.88 | HO   1.60 | HOF 160.57 | SE  1.05 | loss 0.0361 |  13983s
ep  1475 | eps 0.24 | return  -790.72 | HO   1.57 | HOF 157.96 | SE  1.06 | loss 0.0352 |  14224s
ep  1500 | eps 0.23 | return  -789.18 | HO   1.63 | HOF 157.76 | SE  1.06 | loss 0.0356 |  14466s
ep  1525 | eps 0.22 | return  -785.42 | HO   1.65 | HOF 156.81 | SE  1.06 | loss 0.0347 |  14706s
ep  1550 | eps 0.21 | return  -787.56 | HO   1.60 | HOF 157.46 | SE  1.07 | loss 0.0342 |  14947s
ep  1575 | eps 0.20 | return  -781.35 | HO   1.61 | HOF 156.25 | SE  1.07 | loss 0.0341 |  15187s
ep  1600 | eps 0.19 | return  -777.03 | HO   1.64 | HOF 155.26 | SE  1.07 | loss 0.0347 |  15428s
ep  1625 | eps 0.18 | return  -769.73 | HO   1.68 | HOF 154.03 | SE  1.08 | loss 0.0337 |  15668s
ep  1650 | eps 0.17 | return  -763.54 | HO   1.71 | HOF 152.68 | SE  1.08 | loss 0.0332 |  15908s
ep  1675 | eps 0.16 | return  -758.44 | HO   1.74 | HOF 151.69 | SE  1.09 | loss 0.0330 |  16150s
ep  1700 | eps 0.14 | return  -750.47 | HO   1.78 | HOF 149.76 | SE  1.09 | loss 0.0321 |  16391s
ep  1725 | eps 0.13 | return  -744.56 | HO   1.74 | HOF 148.39 | SE  1.09 | loss 0.0321 |  16631s
ep  1750 | eps 0.12 | return  -745.08 | HO   1.68 | HOF 148.95 | SE  1.10 | loss 0.0320 |  16871s
ep  1775 | eps 0.11 | return  -735.34 | HO   1.76 | HOF 146.84 | SE  1.11 | loss 0.0312 |  17111s
ep  1800 | eps 0.10 | return  -728.14 | HO   1.80 | HOF 145.43 | SE  1.11 | loss 0.0308 |  17351s
ep  1825 | eps 0.10 | return  -725.94 | HO   1.82 | HOF 145.04 | SE  1.12 | loss 0.0310 |  17592s
ep  1850 | eps 0.10 | return  -730.72 | HO   1.78 | HOF 146.04 | SE  1.11 | loss 0.0299 |  17832s
ep  1875 | eps 0.10 | return  -720.12 | HO   1.79 | HOF 143.69 | SE  1.12 | loss 0.0297 |  18073s
ep  1900 | eps 0.10 | return  -728.21 | HO   1.75 | HOF 145.53 | SE  1.11 | loss 0.0304 |  18312s
ep  1925 | eps 0.10 | return  -727.33 | HO   1.84 | HOF 145.14 | SE  1.11 | loss 0.0303 |  18553s
ep  1950 | eps 0.10 | return  -719.43 | HO   1.87 | HOF 143.58 | SE  1.12 | loss 0.0308 |  18793s
ep  1975 | eps 0.10 | return  -731.47 | HO   1.86 | HOF 146.33 | SE  1.11 | loss 0.0307 |  19035s
ep  2000 | eps 0.10 | return  -723.24 | HO   1.81 | HOF 144.56 | SE  1.12 | loss 0.0301 |  19275s
ep  2025 | eps 0.10 | return  -725.43 | HO   1.90 | HOF 145.00 | SE  1.12 | loss 0.0296 |  19515s
ep  2050 | eps 0.10 | return  -731.35 | HO   1.85 | HOF 146.22 | SE  1.11 | loss 0.0305 |  19756s
ep  2075 | eps 0.10 | return  -728.24 | HO   1.89 | HOF 145.42 | SE  1.12 | loss 0.0298 |  19996s
ep  2100 | eps 0.10 | return  -725.29 | HO   1.92 | HOF 145.02 | SE  1.12 | loss 0.0300 |  20236s
ep  2125 | eps 0.10 | return  -725.68 | HO   1.92 | HOF 144.85 | SE  1.11 | loss 0.0299 |  20476s
ep  2150 | eps 0.10 | return  -723.69 | HO   1.90 | HOF 144.45 | SE  1.12 | loss 0.0290 |  20715s
ep  2175 | eps 0.10 | return  -722.68 | HO   1.95 | HOF 144.22 | SE  1.12 | loss 0.0294 |  20955s
ep  2200 | eps 0.10 | return  -723.20 | HO   1.89 | HOF 144.51 | SE  1.12 | loss 0.0296 |  21196s
ep  2225 | eps 0.10 | return  -720.74 | HO   1.92 | HOF 143.97 | SE  1.12 | loss 0.0296 |  21436s
ep  2250 | eps 0.10 | return  -731.38 | HO   1.88 | HOF 146.31 | SE  1.11 | loss 0.0293 |  21677s
ep  2275 | eps 0.10 | return  -725.76 | HO   1.99 | HOF 144.97 | SE  1.12 | loss 0.0296 |  21917s
ep  2300 | eps 0.10 | return  -726.65 | HO   2.01 | HOF 145.12 | SE  1.11 | loss 0.0305 |  22162s
ep  2325 | eps 0.10 | return  -730.53 | HO   1.98 | HOF 146.08 | SE  1.11 | loss 0.0310 |  22403s
ep  2350 | eps 0.10 | return  -721.73 | HO   1.96 | HOF 144.33 | SE  1.12 | loss 0.0300 |  22643s
ep  2375 | eps 0.10 | return  -721.50 | HO   2.03 | HOF 144.16 | SE  1.12 | loss 0.0309 |  22884s
ep  2400 | eps 0.10 | return  -722.50 | HO   1.99 | HOF 144.04 | SE  1.11 | loss 0.0307 |  23124s
ep  2425 | eps 0.10 | return  -725.68 | HO   2.02 | HOF 144.67 | SE  1.11 | loss 0.0307 |  23365s
ep  2450 | eps 0.10 | return  -734.97 | HO   1.96 | HOF 146.85 | SE  1.11 | loss 0.0301 |  23605s
ep  2475 | eps 0.10 | return  -726.35 | HO   1.97 | HOF 145.12 | SE  1.12 | loss 0.0307 |  23846s
ep  2500 | eps 0.10 | return  -730.19 | HO   1.97 | HOF 145.97 | SE  1.12 | loss 0.0293 |  24086s
ep  2525 | eps 0.10 | return  -715.41 | HO   2.05 | HOF 142.87 | SE  1.12 | loss 0.0302 |  24326s
ep  2550 | eps 0.10 | return  -728.80 | HO   2.00 | HOF 145.59 | SE  1.11 | loss 0.0300 |  24575s
ep  2575 | eps 0.10 | return  -723.78 | HO   1.99 | HOF 144.69 | SE  1.12 | loss 0.0299 |  24823s
ep  2600 | eps 0.10 | return  -724.42 | HO   1.94 | HOF 144.84 | SE  1.12 | loss 0.0309 |  25065s
ep  2625 | eps 0.10 | return  -723.69 | HO   2.00 | HOF 144.55 | SE  1.12 | loss 0.0314 |  25324s
ep  2650 | eps 0.10 | return  -728.25 | HO   1.97 | HOF 145.61 | SE  1.12 | loss 0.0309 |  25590s
ep  2675 | eps 0.10 | return  -727.22 | HO   1.94 | HOF 145.40 | SE  1.12 | loss 0.0320 |  25841s
ep  2700 | eps 0.10 | return  -725.42 | HO   1.96 | HOF 144.93 | SE  1.12 | loss 0.0318 |  26083s
ep  2725 | eps 0.10 | return  -728.64 | HO   2.01 | HOF 145.51 | SE  1.11 | loss 0.0324 |  26327s
ep  2750 | eps 0.10 | return  -724.12 | HO   1.97 | HOF 144.51 | SE  1.12 | loss 0.0318 |  26571s
ep  2775 | eps 0.10 | return  -723.04 | HO   2.01 | HOF 144.23 | SE  1.12 | loss 0.0322 |  26815s
ep  2800 | eps 0.10 | return  -717.90 | HO   2.05 | HOF 143.20 | SE  1.12 | loss 0.0330 |  27059s
ep  2825 | eps 0.10 | return  -729.36 | HO   2.00 | HOF 145.73 | SE  1.12 | loss 0.0326 |  27302s
ep  2850 | eps 0.10 | return  -726.93 | HO   1.95 | HOF 145.30 | SE  1.12 | loss 0.0327 |  27545s
ep  2875 | eps 0.10 | return  -723.96 | HO   1.96 | HOF 144.50 | SE  1.12 | loss 0.0334 |  27788s
ep  2900 | eps 0.10 | return  -725.55 | HO   2.00 | HOF 145.06 | SE  1.12 | loss 0.0332 |  28031s
ep  2925 | eps 0.10 | return  -725.15 | HO   1.97 | HOF 144.89 | SE  1.12 | loss 0.0331 |  28273s
ep  2950 | eps 0.10 | return  -724.61 | HO   1.89 | HOF 144.82 | SE  1.12 | loss 0.0345 |  28516s
ep  2975 | eps 0.10 | return  -726.43 | HO   1.95 | HOF 145.12 | SE  1.12 | loss 0.0337 |  28757s
ep  3000 | eps 0.10 | return  -723.76 | HO   1.94 | HOF 144.56 | SE  1.12 | loss 0.0347 |  28997s
saved -> gpu100_repro/runs/g100_ilcho_sigmoid_native_phase1a  (28999s)
############ [A5 2/4] eval native Phase 1-a policy on Phase 1-a ############ Wed, Sep 16, 2026  8:27:32 AM
methods: ['ILCHO', 'MD-CHO', 'MVT-CHO', 'HSNF']
ILCHO      starlink_phase_1a  UE=  5 | ho   5.467 | hof   0.022 | se   1.673 | jfi   0.987 | occ_var   0.014
ILCHO      starlink_phase_1a  UE= 20 | ho   4.922 | hof   0.172 | se   1.634 | jfi   0.993 | occ_var   0.074
ILCHO      starlink_phase_1a  UE= 40 | ho   4.356 | hof   0.767 | se   1.611 | jfi   0.992 | occ_var   0.133
ILCHO      starlink_phase_1a  UE= 70 | ho   2.824 | hof  19.041 | se   1.501 | jfi   0.987 | occ_var   0.122
ILCHO      starlink_phase_1a  UE=100 | ho   2.086 | hof 130.861 | se   1.172 | jfi   0.898 | occ_var   0.071
MD-CHO     starlink_phase_1a  UE=  5 | ho  11.356 | hof   0.000 | se   2.214 | jfi   0.999 | occ_var   0.029
MD-CHO     starlink_phase_1a  UE= 20 | ho   4.783 | hof  52.989 | se   1.674 | jfi   0.981 | occ_var   0.142
MD-CHO     starlink_phase_1a  UE= 40 | ho   0.214 | hof  84.900 | se   1.300 | jfi   0.980 | occ_var   0.201
MD-CHO     starlink_phase_1a  UE= 70 | ho   0.000 | hof 113.860 | se   1.067 | jfi   0.966 | occ_var   0.129
MD-CHO     starlink_phase_1a  UE=100 | ho   0.000 | hof 208.742 | se   0.824 | jfi   0.875 | occ_var   0.070
MVT-CHO    starlink_phase_1a  UE=  5 | ho   5.089 | hof   0.044 | se   1.968 | jfi   0.999 | occ_var   0.024
MVT-CHO    starlink_phase_1a  UE= 20 | ho   3.789 | hof   9.733 | se   1.873 | jfi   0.997 | occ_var   0.131
MVT-CHO    starlink_phase_1a  UE= 40 | ho   2.258 | hof  24.381 | se   1.641 | jfi   0.995 | occ_var   0.203
MVT-CHO    starlink_phase_1a  UE= 70 | ho   1.217 | hof  59.402 | se   1.335 | jfi   0.969 | occ_var   0.130
MVT-CHO    starlink_phase_1a  UE=100 | ho   0.961 | hof 164.954 | se   1.037 | jfi   0.876 | occ_var   0.075
HSNF       starlink_phase_1a  UE=  5 | ho  11.044 | hof   0.022 | se   2.216 | jfi   0.999 | occ_var   0.030
HSNF       starlink_phase_1a  UE= 20 | ho   7.400 | hof   0.006 | se   2.055 | jfi   0.998 | occ_var   0.142
HSNF       starlink_phase_1a  UE= 40 | ho   6.456 | hof   0.017 | se   1.831 | jfi   0.996 | occ_var   0.201
HSNF       starlink_phase_1a  UE= 70 | ho   2.908 | hof  18.360 | se   1.520 | jfi   0.984 | occ_var   0.124
HSNF       starlink_phase_1a  UE=100 | ho   1.591 | hof 130.480 | se   1.178 | jfi   0.896 | occ_var   0.071
############ [A5 3/4] native train: hybrid, 3000 ep ############ Wed, Sep 16, 2026  8:39:59 AM
replay buffer: 168 episodes (17.8 MB/episode)
C:\Users\84946\Documents\learning\6G_NTN\src\ilcho\train.py:127: RuntimeWarning: Mean of empty slice
  f"loss {np.nanmean(hist['loss'][w]):.4f} | "
ep     1 | eps 0.90 | return   -32.34 | HO   7.30 | HOF 54.99 | SE  2.13 | loss nan |      4s
ep    25 | eps 0.89 | return   -39.78 | HO   7.11 | HOF 56.55 | SE  2.12 | loss 9.3154 |     99s
ep    50 | eps 0.88 | return   -43.86 | HO   7.11 | HOF 57.09 | SE  2.11 | loss 1.1378 |    199s
ep    75 | eps 0.87 | return     1.05 | HO   7.34 | HOF 49.76 | SE  2.18 | loss 0.3767 |    300s
ep   100 | eps 0.86 | return    18.28 | HO   8.10 | HOF 46.46 | SE  2.20 | loss 0.3163 |    400s
ep   125 | eps 0.84 | return    23.16 | HO   8.56 | HOF 45.42 | SE  2.20 | loss 0.2210 |    500s
ep   150 | eps 0.83 | return    24.51 | HO   8.54 | HOF 45.36 | SE  2.20 | loss 0.1749 |    600s
ep   175 | eps 0.82 | return    17.72 | HO   8.16 | HOF 46.46 | SE  2.19 | loss 0.1800 |    700s
ep   200 | eps 0.81 | return    17.09 | HO   7.91 | HOF 46.57 | SE  2.20 | loss 0.1979 |    800s
ep   225 | eps 0.80 | return    24.79 | HO   7.88 | HOF 45.32 | SE  2.21 | loss 0.2034 |    900s
ep   250 | eps 0.79 | return    26.47 | HO   7.51 | HOF 45.67 | SE  2.21 | loss 0.1658 |   1000s
ep   275 | eps 0.78 | return    32.55 | HO   8.41 | HOF 44.04 | SE  2.21 | loss 0.1426 |   1100s
ep   300 | eps 0.77 | return    35.06 | HO   8.63 | HOF 43.39 | SE  2.22 | loss 0.1351 |   1200s
ep   325 | eps 0.76 | return    35.42 | HO   8.33 | HOF 43.62 | SE  2.22 | loss 0.1842 |   1300s
ep   350 | eps 0.74 | return    34.92 | HO   7.97 | HOF 43.91 | SE  2.22 | loss 0.2392 |   1400s
ep   375 | eps 0.73 | return    39.14 | HO   8.47 | HOF 42.99 | SE  2.22 | loss 0.2260 |   1500s
ep   400 | eps 0.72 | return    36.99 | HO   8.31 | HOF 43.17 | SE  2.22 | loss 0.2113 |   1600s
ep   425 | eps 0.71 | return    38.62 | HO   7.64 | HOF 43.39 | SE  2.23 | loss 0.1905 |   1700s
ep   450 | eps 0.70 | return    41.99 | HO   7.70 | HOF 42.91 | SE  2.23 | loss 0.1685 |   1800s
ep   475 | eps 0.69 | return    46.63 | HO   8.78 | HOF 41.11 | SE  2.23 | loss 0.1532 |   1900s
ep   500 | eps 0.68 | return    47.16 | HO   8.24 | HOF 41.34 | SE  2.23 | loss 0.1649 |   2000s
ep   525 | eps 0.67 | return    47.91 | HO   8.02 | HOF 41.49 | SE  2.24 | loss 0.1522 |   2100s
ep   550 | eps 0.66 | return    50.08 | HO   8.46 | HOF 40.49 | SE  2.24 | loss 0.1553 |   2200s
ep   575 | eps 0.64 | return    52.14 | HO   7.84 | HOF 39.96 | SE  2.25 | loss 0.2199 |   2301s
ep   600 | eps 0.63 | return    58.03 | HO   7.98 | HOF 39.53 | SE  2.25 | loss 0.1612 |   2401s
ep   625 | eps 0.62 | return    50.42 | HO   7.16 | HOF 41.69 | SE  2.25 | loss 0.3548 |   2502s
ep   650 | eps 0.61 | return    60.75 | HO   9.35 | HOF 37.75 | SE  2.24 | loss 0.2393 |   2602s
ep   675 | eps 0.60 | return    64.47 | HO   9.66 | HOF 37.02 | SE  2.25 | loss 0.1481 |   2702s
ep   700 | eps 0.59 | return    62.81 | HO   9.16 | HOF 37.39 | SE  2.25 | loss 0.1420 |   2802s
ep   725 | eps 0.58 | return    62.53 | HO   8.96 | HOF 38.07 | SE  2.25 | loss 0.1313 |   2902s
ep   750 | eps 0.57 | return    66.09 | HO   8.83 | HOF 37.46 | SE  2.26 | loss 0.1364 |   3003s
ep   775 | eps 0.56 | return    62.89 | HO   7.70 | HOF 38.64 | SE  2.26 | loss 0.1294 |   3104s
ep   800 | eps 0.54 | return    69.55 | HO   8.73 | HOF 36.80 | SE  2.26 | loss 0.1015 |   3204s
ep   825 | eps 0.53 | return    73.87 | HO   8.27 | HOF 35.81 | SE  2.27 | loss 0.0982 |   3304s
ep   850 | eps 0.52 | return    78.06 | HO   7.72 | HOF 35.16 | SE  2.28 | loss 0.1068 |   3404s
ep   875 | eps 0.51 | return    74.87 | HO   7.34 | HOF 36.94 | SE  2.28 | loss 0.2116 |   3504s
ep   900 | eps 0.50 | return    72.63 | HO   7.57 | HOF 37.21 | SE  2.27 | loss 0.2026 |   3604s
ep   925 | eps 0.49 | return    67.66 | HO   6.82 | HOF 38.74 | SE  2.27 | loss 0.1876 |   3705s
ep   950 | eps 0.48 | return    81.23 | HO   8.95 | HOF 34.24 | SE  2.27 | loss 0.0892 |   3805s
ep   975 | eps 0.47 | return    82.83 | HO   8.27 | HOF 34.63 | SE  2.28 | loss 0.0894 |   3905s
ep  1000 | eps 0.46 | return    83.80 | HO   7.94 | HOF 34.27 | SE  2.29 | loss 0.0869 |   4005s
ep  1025 | eps 0.44 | return    83.55 | HO   7.10 | HOF 35.32 | SE  2.29 | loss 0.0883 |   4106s
ep  1050 | eps 0.43 | return    84.21 | HO   7.25 | HOF 35.11 | SE  2.29 | loss 0.0909 |   4206s
ep  1075 | eps 0.42 | return    90.26 | HO   7.92 | HOF 33.12 | SE  2.29 | loss 0.0817 |   4306s
ep  1100 | eps 0.41 | return    89.99 | HO   8.14 | HOF 33.14 | SE  2.29 | loss 0.0761 |   4406s
ep  1125 | eps 0.40 | return    93.53 | HO   8.02 | HOF 32.35 | SE  2.30 | loss 0.0754 |   4507s
ep  1150 | eps 0.39 | return    96.85 | HO   7.96 | HOF 32.05 | SE  2.30 | loss 0.0748 |   4607s
ep  1175 | eps 0.38 | return    97.82 | HO   7.98 | HOF 31.90 | SE  2.30 | loss 0.0740 |   4707s
ep  1200 | eps 0.37 | return   100.62 | HO   7.97 | HOF 31.32 | SE  2.31 | loss 0.0731 |   4807s
ep  1225 | eps 0.36 | return   103.79 | HO   8.00 | HOF 30.79 | SE  2.31 | loss 0.0711 |   4907s
ep  1250 | eps 0.34 | return   107.57 | HO   7.97 | HOF 29.89 | SE  2.32 | loss 0.0698 |   5007s
ep  1275 | eps 0.33 | return   110.59 | HO   8.09 | HOF 29.31 | SE  2.32 | loss 0.0692 |   5107s
ep  1300 | eps 0.32 | return   113.33 | HO   8.30 | HOF 28.54 | SE  2.32 | loss 0.0676 |   5207s
ep  1325 | eps 0.31 | return   115.95 | HO   8.31 | HOF 28.21 | SE  2.32 | loss 0.0665 |   5307s
ep  1350 | eps 0.30 | return   119.45 | HO   8.38 | HOF 27.37 | SE  2.33 | loss 0.0653 |   5407s
ep  1375 | eps 0.29 | return   121.72 | HO   8.20 | HOF 27.20 | SE  2.33 | loss 0.0631 |   5506s
ep  1400 | eps 0.28 | return   125.87 | HO   8.27 | HOF 26.19 | SE  2.34 | loss 0.0616 |   5606s
ep  1425 | eps 0.27 | return   128.87 | HO   8.15 | HOF 25.86 | SE  2.34 | loss 0.0609 |   5706s
ep  1450 | eps 0.26 | return   132.05 | HO   8.13 | HOF 25.03 | SE  2.34 | loss 0.0603 |   5806s
ep  1475 | eps 0.24 | return   136.65 | HO   8.40 | HOF 23.98 | SE  2.35 | loss 0.0593 |   5907s
ep  1500 | eps 0.23 | return   140.10 | HO   8.49 | HOF 23.59 | SE  2.35 | loss 0.0587 |   6007s
ep  1525 | eps 0.22 | return   141.54 | HO   8.60 | HOF 23.17 | SE  2.35 | loss 0.0573 |   6107s
ep  1550 | eps 0.21 | return   143.87 | HO   8.71 | HOF 22.31 | SE  2.36 | loss 0.0560 |   6207s
ep  1575 | eps 0.20 | return   149.08 | HO   8.73 | HOF 21.43 | SE  2.36 | loss 0.0549 |   6308s
ep  1600 | eps 0.19 | return   152.62 | HO   8.74 | HOF 20.70 | SE  2.37 | loss 0.0538 |   6408s
ep  1625 | eps 0.18 | return   156.49 | HO   9.00 | HOF 19.68 | SE  2.37 | loss 0.0527 |   6508s
ep  1650 | eps 0.17 | return   157.23 | HO   8.91 | HOF 19.68 | SE  2.37 | loss 0.0517 |   6608s
ep  1675 | eps 0.16 | return   161.68 | HO   9.18 | HOF 18.63 | SE  2.37 | loss 0.0504 |   6709s
ep  1700 | eps 0.14 | return   165.13 | HO   9.05 | HOF 17.91 | SE  2.38 | loss 0.0493 |   6809s
ep  1725 | eps 0.13 | return   166.54 | HO   9.29 | HOF 17.10 | SE  2.38 | loss 0.0485 |   6909s
ep  1750 | eps 0.12 | return   172.25 | HO   9.38 | HOF 15.99 | SE  2.38 | loss 0.0478 |   7009s
ep  1775 | eps 0.11 | return   176.66 | HO   9.35 | HOF 15.26 | SE  2.39 | loss 0.0466 |   7108s
ep  1800 | eps 0.10 | return   179.72 | HO   9.38 | HOF 14.55 | SE  2.39 | loss 0.0463 |   7209s
ep  1825 | eps 0.10 | return   181.68 | HO   9.65 | HOF 14.04 | SE  2.39 | loss 0.0454 |   7309s
ep  1850 | eps 0.10 | return   182.94 | HO   9.23 | HOF 14.24 | SE  2.40 | loss 0.0447 |   7409s
ep  1875 | eps 0.10 | return   182.24 | HO   9.60 | HOF 13.79 | SE  2.39 | loss 0.0439 |   7509s
ep  1900 | eps 0.10 | return   181.60 | HO   9.60 | HOF 13.71 | SE  2.39 | loss 0.0432 |   7609s
ep  1925 | eps 0.10 | return   182.93 | HO   9.42 | HOF 13.78 | SE  2.39 | loss 0.0419 |   7709s
ep  1950 | eps 0.10 | return   182.26 | HO   9.63 | HOF 13.60 | SE  2.39 | loss 0.0406 |   7809s
ep  1975 | eps 0.10 | return   181.83 | HO   9.47 | HOF 13.71 | SE  2.39 | loss 0.0404 |   7909s
ep  2000 | eps 0.10 | return   182.73 | HO   9.50 | HOF 13.45 | SE  2.39 | loss 0.0391 |   8010s
ep  2025 | eps 0.10 | return   182.16 | HO   9.44 | HOF 13.48 | SE  2.39 | loss 0.0384 |   8110s
ep  2050 | eps 0.10 | return   183.60 | HO   9.57 | HOF 13.12 | SE  2.39 | loss 0.0375 |   8209s
ep  2075 | eps 0.10 | return   181.61 | HO   9.66 | HOF 13.34 | SE  2.39 | loss 0.0369 |   8309s
ep  2100 | eps 0.10 | return   182.00 | HO   9.80 | HOF 13.18 | SE  2.39 | loss 0.0364 |   8409s
ep  2125 | eps 0.10 | return   181.37 | HO   9.65 | HOF 13.42 | SE  2.39 | loss 0.0361 |   8509s
ep  2150 | eps 0.10 | return   184.23 | HO   9.49 | HOF 13.30 | SE  2.39 | loss 0.0357 |   8610s
ep  2175 | eps 0.10 | return   183.06 | HO   9.51 | HOF 13.49 | SE  2.39 | loss 0.0347 |   8710s
ep  2200 | eps 0.10 | return   183.82 | HO   9.81 | HOF 13.01 | SE  2.39 | loss 0.0343 |   8810s
ep  2225 | eps 0.10 | return   183.58 | HO   9.85 | HOF 13.10 | SE  2.39 | loss 0.0341 |   8910s
ep  2250 | eps 0.10 | return   182.12 | HO   9.55 | HOF 13.55 | SE  2.39 | loss 0.0339 |   9010s
ep  2275 | eps 0.10 | return   182.35 | HO   9.92 | HOF 13.15 | SE  2.39 | loss 0.0335 |   9110s
ep  2300 | eps 0.10 | return   184.15 | HO   9.71 | HOF 13.32 | SE  2.39 | loss 0.0329 |   9210s
ep  2325 | eps 0.10 | return   183.33 | HO   9.73 | HOF 13.18 | SE  2.39 | loss 0.0328 |   9310s
ep  2350 | eps 0.10 | return   183.89 | HO   9.86 | HOF 13.01 | SE  2.39 | loss 0.0328 |   9410s
ep  2375 | eps 0.10 | return   184.06 | HO   9.78 | HOF 13.07 | SE  2.39 | loss 0.0322 |   9510s
ep  2400 | eps 0.10 | return   184.17 | HO   9.75 | HOF 13.07 | SE  2.39 | loss 0.0318 |   9611s
ep  2425 | eps 0.10 | return   182.71 | HO   9.69 | HOF 13.29 | SE  2.38 | loss 0.0319 |   9711s
ep  2450 | eps 0.10 | return   183.15 | HO   9.64 | HOF 13.14 | SE  2.39 | loss 0.0316 |   9811s
ep  2475 | eps 0.10 | return   183.49 | HO   9.86 | HOF 12.94 | SE  2.39 | loss 0.0312 |   9911s
ep  2500 | eps 0.10 | return   185.61 | HO  10.01 | HOF 12.59 | SE  2.39 | loss 0.0306 |  10011s
ep  2525 | eps 0.10 | return   184.13 | HO  10.00 | HOF 12.62 | SE  2.39 | loss 0.0304 |  10111s
ep  2550 | eps 0.10 | return   185.33 | HO   9.77 | HOF 12.87 | SE  2.39 | loss 0.0302 |  10212s
ep  2575 | eps 0.10 | return   186.57 | HO   9.88 | HOF 12.59 | SE  2.39 | loss 0.0301 |  10312s
ep  2600 | eps 0.10 | return   184.67 | HO  10.00 | HOF 12.67 | SE  2.39 | loss 0.0299 |  10412s
ep  2625 | eps 0.10 | return   186.07 | HO   9.90 | HOF 12.52 | SE  2.39 | loss 0.0303 |  10512s
ep  2650 | eps 0.10 | return   184.82 | HO  10.04 | HOF 12.43 | SE  2.38 | loss 0.0300 |  10612s
ep  2675 | eps 0.10 | return   185.05 | HO   9.92 | HOF 12.66 | SE  2.39 | loss 0.0296 |  10712s
ep  2700 | eps 0.10 | return   185.49 | HO   9.97 | HOF 12.46 | SE  2.39 | loss 0.0294 |  10812s
ep  2725 | eps 0.10 | return   185.58 | HO   9.98 | HOF 12.47 | SE  2.39 | loss 0.0290 |  10912s
ep  2750 | eps 0.10 | return   185.14 | HO   9.89 | HOF 12.51 | SE  2.38 | loss 0.0285 |  11012s
ep  2775 | eps 0.10 | return   185.05 | HO   9.88 | HOF 12.52 | SE  2.39 | loss 0.0282 |  11112s
ep  2800 | eps 0.10 | return   184.87 | HO  10.07 | HOF 12.27 | SE  2.38 | loss 0.0279 |  11212s
ep  2825 | eps 0.10 | return   188.18 | HO   9.81 | HOF 12.30 | SE  2.39 | loss 0.0276 |  11312s
ep  2850 | eps 0.10 | return   186.50 | HO  10.11 | HOF 12.19 | SE  2.39 | loss 0.0270 |  11413s
ep  2875 | eps 0.10 | return   185.86 | HO  10.04 | HOF 12.26 | SE  2.39 | loss 0.0269 |  11513s
ep  2900 | eps 0.10 | return   185.37 | HO  10.05 | HOF 12.30 | SE  2.38 | loss 0.0267 |  11613s
ep  2925 | eps 0.10 | return   187.67 | HO  10.01 | HOF 12.10 | SE  2.39 | loss 0.0268 |  11713s
ep  2950 | eps 0.10 | return   187.29 | HO   9.89 | HOF 12.36 | SE  2.39 | loss 0.0266 |  11813s
ep  2975 | eps 0.10 | return   186.99 | HO  10.05 | HOF 12.22 | SE  2.39 | loss 0.0266 |  11914s
ep  3000 | eps 0.10 | return   186.06 | HO  10.09 | HOF 12.21 | SE  2.38 | loss 0.0265 |  12014s
saved -> gpu100_repro/runs/g100_ilcho_sigmoid_native_hybrid  (12014s)
############ [A5 4/4] eval native hybrid policy on hybrid ############ Wed, Sep 16, 2026 12:00:17 PM
methods: ['ILCHO', 'MD-CHO', 'MVT-CHO', 'HSNF']
ILCHO      hybrid             UE=  5 | ho  14.000 | hof   0.111 | se   2.475 | jfi   0.994 | occ_var   0.004
ILCHO      hybrid             UE= 20 | ho  14.578 | hof   0.117 | se   2.365 | jfi   0.992 | occ_var   0.024
ILCHO      hybrid             UE= 40 | ho  13.872 | hof   0.300 | se   2.361 | jfi   0.993 | occ_var   0.061
ILCHO      hybrid             UE= 70 | ho  12.563 | hof   2.029 | se   2.350 | jfi   0.993 | occ_var   0.117
ILCHO      hybrid             UE=100 | ho  10.026 | hof   5.249 | se   2.382 | jfi   0.993 | occ_var   0.170
MD-CHO     hybrid             UE=  5 | ho  16.578 | hof   0.067 | se   3.448 | jfi   0.999 | occ_var   0.010
MD-CHO     hybrid             UE= 20 | ho  11.483 | hof  33.567 | se   2.937 | jfi   0.978 | occ_var   0.066
MD-CHO     hybrid             UE= 40 | ho   4.350 | hof  64.392 | se   2.413 | jfi   0.974 | occ_var   0.125
MD-CHO     hybrid             UE= 70 | ho   0.037 | hof  89.679 | se   1.976 | jfi   0.969 | occ_var   0.183
MD-CHO     hybrid             UE=100 | ho   0.000 | hof  98.907 | se   1.784 | jfi   0.979 | occ_var   0.208
MVT-CHO    hybrid             UE=  5 | ho   5.533 | hof   0.000 | se   2.247 | jfi   0.998 | occ_var   0.008
MVT-CHO    hybrid             UE= 20 | ho   4.717 | hof   6.517 | se   2.219 | jfi   0.996 | occ_var   0.059
MVT-CHO    hybrid             UE= 40 | ho   3.344 | hof  15.461 | se   2.122 | jfi   0.991 | occ_var   0.118
MVT-CHO    hybrid             UE= 70 | ho   1.884 | hof  19.503 | se   2.232 | jfi   0.987 | occ_var   0.178
MVT-CHO    hybrid             UE=100 | ho   1.437 | hof  21.526 | se   2.226 | jfi   0.984 | occ_var   0.205
HSNF       hybrid             UE=  5 | ho  16.356 | hof   0.044 | se   3.440 | jfi   0.999 | occ_var   0.010
HSNF       hybrid             UE= 20 | ho  13.422 | hof   0.028 | se   3.339 | jfi   0.999 | occ_var   0.063
HSNF       hybrid             UE= 40 | ho  11.219 | hof   0.019 | se   3.104 | jfi   0.998 | occ_var   0.119
HSNF       hybrid             UE= 70 | ho   9.948 | hof   0.014 | se   2.810 | jfi   0.994 | occ_var   0.176
HSNF       hybrid             UE=100 | ho  11.189 | hof   0.071 | se   2.601 | jfi   0.992 | occ_var   0.190
############ [A7 1/2] batch=4 (vs batch=8 round-3), 4000 ep, Phase 2-a ############ Wed, Sep 16, 2026 12:05:40 PM
replay buffer: 168 episodes (17.8 MB/episode)
C:\Users\84946\Documents\learning\6G_NTN\src\ilcho\train.py:127: RuntimeWarning: Mean of empty slice
  f"loss {np.nanmean(hist['loss'][w]):.4f} | "
ep     1 | eps 0.90 | return  -109.93 | HO   2.35 | HOF 68.20 | SE  2.05 | loss nan |      3s
ep    25 | eps 0.89 | return  -118.81 | HO   2.41 | HOF 69.26 | SE  2.03 | loss 3.0042 |     76s
ep    50 | eps 0.88 | return  -103.35 | HO   2.54 | HOF 66.71 | SE  2.06 | loss 0.3007 |    151s
ep    75 | eps 0.88 | return   -92.90 | HO   2.62 | HOF 64.94 | SE  2.07 | loss 0.1640 |    226s
ep   100 | eps 0.87 | return   -93.47 | HO   2.63 | HOF 64.90 | SE  2.07 | loss 0.1186 |    301s
ep   125 | eps 0.86 | return   -94.32 | HO   2.55 | HOF 65.32 | SE  2.07 | loss 0.1006 |    376s
ep   150 | eps 0.85 | return   -96.69 | HO   2.59 | HOF 65.63 | SE  2.07 | loss 0.1174 |    452s
ep   175 | eps 0.84 | return   -87.76 | HO   2.74 | HOF 63.94 | SE  2.08 | loss 0.1327 |    527s
ep   200 | eps 0.83 | return   -82.03 | HO   2.70 | HOF 63.11 | SE  2.08 | loss 0.1314 |    602s
ep   225 | eps 0.82 | return   -75.66 | HO   2.86 | HOF 62.16 | SE  2.09 | loss 0.1350 |    678s
ep   250 | eps 0.82 | return   -70.85 | HO   2.87 | HOF 61.32 | SE  2.10 | loss 0.1302 |    753s
ep   275 | eps 0.81 | return   -73.07 | HO   2.96 | HOF 61.42 | SE  2.10 | loss 0.1167 |    828s
ep   300 | eps 0.80 | return   -75.14 | HO   2.87 | HOF 61.60 | SE  2.09 | loss 0.1220 |    903s
ep   325 | eps 0.79 | return   -69.37 | HO   2.79 | HOF 61.10 | SE  2.10 | loss 0.1782 |    979s
ep   350 | eps 0.78 | return   -68.15 | HO   2.87 | HOF 60.83 | SE  2.10 | loss 0.1855 |   1055s
ep   375 | eps 0.78 | return   -66.39 | HO   2.96 | HOF 60.21 | SE  2.10 | loss 0.0799 |   1130s
ep   400 | eps 0.77 | return   -64.96 | HO   2.87 | HOF 60.15 | SE  2.11 | loss 0.0813 |   1205s
ep   425 | eps 0.76 | return   -63.06 | HO   2.81 | HOF 59.86 | SE  2.11 | loss 0.0813 |   1280s
ep   450 | eps 0.75 | return   -63.66 | HO   2.80 | HOF 60.03 | SE  2.11 | loss 0.0816 |   1355s
ep   475 | eps 0.74 | return   -62.06 | HO   2.78 | HOF 59.81 | SE  2.11 | loss 0.1297 |   1430s
ep   500 | eps 0.73 | return   -61.30 | HO   2.84 | HOF 59.85 | SE  2.11 | loss 0.3002 |   1506s
ep   525 | eps 0.72 | return   -62.87 | HO   2.85 | HOF 59.64 | SE  2.11 | loss 0.0810 |   1581s
ep   550 | eps 0.72 | return   -57.05 | HO   2.96 | HOF 58.71 | SE  2.12 | loss 0.0664 |   1656s
ep   575 | eps 0.71 | return   -50.73 | HO   3.01 | HOF 57.88 | SE  2.13 | loss 0.0671 |   1732s
ep   600 | eps 0.70 | return   -53.12 | HO   2.96 | HOF 57.96 | SE  2.12 | loss 0.0846 |   1807s
ep   625 | eps 0.69 | return   -48.60 | HO   2.96 | HOF 57.52 | SE  2.13 | loss 0.0711 |   1882s
ep   650 | eps 0.68 | return   -51.23 | HO   2.86 | HOF 57.75 | SE  2.12 | loss 0.1295 |   1957s
ep   675 | eps 0.68 | return   -49.43 | HO   3.03 | HOF 57.22 | SE  2.13 | loss 0.2424 |   2032s
ep   700 | eps 0.67 | return   -44.55 | HO   3.16 | HOF 56.54 | SE  2.13 | loss 0.0752 |   2107s
ep   725 | eps 0.66 | return   -45.11 | HO   3.06 | HOF 56.62 | SE  2.13 | loss 0.0612 |   2183s
ep   750 | eps 0.65 | return   -39.24 | HO   3.13 | HOF 55.66 | SE  2.14 | loss 0.0749 |   2258s
ep   775 | eps 0.64 | return   -35.56 | HO   3.15 | HOF 55.13 | SE  2.15 | loss 0.0857 |   2333s
ep   800 | eps 0.63 | return   -38.93 | HO   3.00 | HOF 55.63 | SE  2.14 | loss 0.0755 |   2408s
ep   825 | eps 0.62 | return   -33.45 | HO   3.09 | HOF 54.74 | SE  2.15 | loss 0.2044 |   2483s
ep   850 | eps 0.62 | return   -40.18 | HO   2.91 | HOF 55.61 | SE  2.14 | loss 0.1412 |   2558s
ep   875 | eps 0.61 | return   -30.90 | HO   3.10 | HOF 54.43 | SE  2.15 | loss 0.1496 |   2633s
ep   900 | eps 0.60 | return   -28.27 | HO   3.25 | HOF 53.73 | SE  2.16 | loss 0.0533 |   2708s
ep   925 | eps 0.59 | return   -35.14 | HO   3.08 | HOF 54.92 | SE  2.15 | loss 0.0486 |   2784s
ep   950 | eps 0.58 | return   -23.57 | HO   3.15 | HOF 53.31 | SE  2.16 | loss 0.0458 |   2859s
ep   975 | eps 0.57 | return   -26.64 | HO   3.01 | HOF 53.63 | SE  2.16 | loss 0.0481 |   2934s
ep  1000 | eps 0.57 | return   -22.74 | HO   3.13 | HOF 53.10 | SE  2.16 | loss 0.0488 |   3009s
ep  1025 | eps 0.56 | return   -26.02 | HO   3.01 | HOF 53.17 | SE  2.16 | loss 0.0674 |   3084s
ep  1050 | eps 0.55 | return   -13.83 | HO   3.37 | HOF 51.07 | SE  2.17 | loss 0.1102 |   3159s
ep  1075 | eps 0.54 | return    -9.80 | HO   3.43 | HOF 50.37 | SE  2.18 | loss 0.0479 |   3235s
ep  1100 | eps 0.53 | return   -13.93 | HO   3.20 | HOF 51.37 | SE  2.17 | loss 0.0601 |   3311s
ep  1125 | eps 0.53 | return   -12.01 | HO   3.05 | HOF 51.47 | SE  2.18 | loss 0.1166 |   3386s
ep  1150 | eps 0.52 | return    -7.73 | HO   3.21 | HOF 50.72 | SE  2.19 | loss 0.0494 |   3461s
ep  1175 | eps 0.51 | return    -8.67 | HO   3.15 | HOF 50.47 | SE  2.18 | loss 0.0542 |   3536s
ep  1200 | eps 0.50 | return     1.84 | HO   3.43 | HOF 48.58 | SE  2.20 | loss 0.1076 |   3611s
ep  1225 | eps 0.49 | return     3.67 | HO   3.62 | HOF 47.82 | SE  2.20 | loss 0.0505 |   3686s
ep  1250 | eps 0.48 | return    -8.51 | HO   2.81 | HOF 50.72 | SE  2.18 | loss 0.0860 |   3761s
ep  1275 | eps 0.47 | return     4.80 | HO   3.24 | HOF 48.29 | SE  2.20 | loss 0.0705 |   3837s
ep  1300 | eps 0.47 | return     4.64 | HO   3.25 | HOF 48.25 | SE  2.20 | loss 0.0592 |   3912s
ep  1325 | eps 0.46 | return     3.77 | HO   3.17 | HOF 48.32 | SE  2.20 | loss 0.0955 |   3987s
ep  1350 | eps 0.45 | return    13.30 | HO   3.40 | HOF 46.85 | SE  2.21 | loss 0.0464 |   4062s
ep  1375 | eps 0.44 | return    10.38 | HO   3.25 | HOF 47.16 | SE  2.21 | loss 0.0544 |   4137s
ep  1400 | eps 0.43 | return    17.62 | HO   3.50 | HOF 45.89 | SE  2.22 | loss 0.0392 |   4212s
ep  1425 | eps 0.42 | return    19.51 | HO   3.46 | HOF 45.85 | SE  2.22 | loss 0.0365 |   4287s
ep  1450 | eps 0.42 | return    18.69 | HO   3.34 | HOF 45.76 | SE  2.22 | loss 0.0353 |   4363s
ep  1475 | eps 0.41 | return    24.09 | HO   3.42 | HOF 44.84 | SE  2.22 | loss 0.0354 |   4438s
ep  1500 | eps 0.40 | return    28.56 | HO   3.57 | HOF 43.88 | SE  2.23 | loss 0.0343 |   4514s
ep  1525 | eps 0.39 | return    33.87 | HO   3.52 | HOF 42.96 | SE  2.24 | loss 0.0333 |   4589s
ep  1550 | eps 0.38 | return    37.47 | HO   3.74 | HOF 42.08 | SE  2.24 | loss 0.0324 |   4664s
ep  1575 | eps 0.38 | return    39.31 | HO   3.72 | HOF 41.67 | SE  2.24 | loss 0.0319 |   4739s
ep  1600 | eps 0.37 | return    42.26 | HO   3.75 | HOF 41.11 | SE  2.25 | loss 0.0312 |   4815s
ep  1625 | eps 0.36 | return    43.67 | HO   3.70 | HOF 40.94 | SE  2.25 | loss 0.0306 |   4891s
ep  1650 | eps 0.35 | return    47.92 | HO   3.59 | HOF 40.32 | SE  2.26 | loss 0.0295 |   4966s
ep  1675 | eps 0.34 | return    51.48 | HO   3.77 | HOF 39.61 | SE  2.26 | loss 0.0292 |   5041s
ep  1700 | eps 0.33 | return    56.01 | HO   3.74 | HOF 38.81 | SE  2.27 | loss 0.0282 |   5117s
ep  1725 | eps 0.32 | return    59.27 | HO   3.81 | HOF 38.22 | SE  2.27 | loss 0.0282 |   5192s
ep  1750 | eps 0.32 | return    64.99 | HO   3.90 | HOF 37.19 | SE  2.28 | loss 0.0273 |   5268s
ep  1775 | eps 0.31 | return    66.16 | HO   3.89 | HOF 36.71 | SE  2.28 | loss 0.0259 |   5343s
ep  1800 | eps 0.30 | return    68.51 | HO   3.87 | HOF 36.26 | SE  2.28 | loss 0.0255 |   5418s
ep  1825 | eps 0.29 | return    73.54 | HO   3.91 | HOF 35.46 | SE  2.29 | loss 0.0246 |   5494s
ep  1850 | eps 0.28 | return    75.91 | HO   3.95 | HOF 34.92 | SE  2.29 | loss 0.0243 |   5569s
ep  1875 | eps 0.28 | return    79.27 | HO   3.90 | HOF 34.36 | SE  2.30 | loss 0.0236 |   5644s
ep  1900 | eps 0.27 | return    85.24 | HO   3.94 | HOF 33.48 | SE  2.30 | loss 0.0231 |   5718s
ep  1925 | eps 0.26 | return    87.64 | HO   3.93 | HOF 32.94 | SE  2.31 | loss 0.0225 |   5794s
ep  1950 | eps 0.25 | return    91.61 | HO   4.08 | HOF 32.24 | SE  2.31 | loss 0.0220 |   5869s
ep  1975 | eps 0.24 | return    92.75 | HO   4.10 | HOF 31.84 | SE  2.31 | loss 0.0216 |   5944s
ep  2000 | eps 0.23 | return   100.45 | HO   4.09 | HOF 30.67 | SE  2.32 | loss 0.0211 |   6020s
ep  2025 | eps 0.22 | return   103.97 | HO   4.09 | HOF 30.09 | SE  2.33 | loss 0.0205 |   6095s
ep  2050 | eps 0.22 | return   105.90 | HO   4.11 | HOF 29.58 | SE  2.33 | loss 0.0201 |   6170s
ep  2075 | eps 0.21 | return   109.17 | HO   4.09 | HOF 29.00 | SE  2.34 | loss 0.0196 |   6245s
ep  2100 | eps 0.20 | return   111.60 | HO   4.08 | HOF 28.32 | SE  2.34 | loss 0.0195 |   6321s
ep  2125 | eps 0.19 | return   118.85 | HO   4.13 | HOF 27.47 | SE  2.35 | loss 0.0189 |   6396s
ep  2150 | eps 0.18 | return   122.68 | HO   4.25 | HOF 26.60 | SE  2.35 | loss 0.0183 |   6472s
ep  2175 | eps 0.17 | return   125.88 | HO   4.32 | HOF 25.77 | SE  2.36 | loss 0.0176 |   6547s
ep  2200 | eps 0.17 | return   129.71 | HO   4.23 | HOF 25.34 | SE  2.36 | loss 0.0176 |   6622s
ep  2225 | eps 0.16 | return   134.46 | HO   4.19 | HOF 24.45 | SE  2.37 | loss 0.0173 |   6697s
ep  2250 | eps 0.15 | return   136.71 | HO   4.35 | HOF 23.75 | SE  2.37 | loss 0.0169 |   6772s
ep  2275 | eps 0.14 | return   143.72 | HO   4.26 | HOF 22.82 | SE  2.38 | loss 0.0166 |   6847s
ep  2300 | eps 0.13 | return   147.13 | HO   4.24 | HOF 22.02 | SE  2.39 | loss 0.0163 |   6922s
ep  2325 | eps 0.12 | return   153.88 | HO   4.20 | HOF 21.02 | SE  2.39 | loss 0.0160 |   6997s
ep  2350 | eps 0.12 | return   156.17 | HO   4.34 | HOF 20.14 | SE  2.40 | loss 0.0157 |   7073s
ep  2375 | eps 0.11 | return   162.74 | HO   4.37 | HOF 19.02 | SE  2.40 | loss 0.0154 |   7148s
ep  2400 | eps 0.10 | return   167.18 | HO   4.43 | HOF 18.17 | SE  2.41 | loss 0.0150 |   7223s
ep  2425 | eps 0.10 | return   168.73 | HO   4.34 | HOF 17.84 | SE  2.41 | loss 0.0145 |   7298s
ep  2450 | eps 0.10 | return   170.28 | HO   4.33 | HOF 17.83 | SE  2.41 | loss 0.0143 |   7373s
ep  2475 | eps 0.10 | return   170.07 | HO   4.33 | HOF 17.89 | SE  2.41 | loss 0.0139 |   7448s
ep  2500 | eps 0.10 | return   168.60 | HO   4.32 | HOF 17.93 | SE  2.41 | loss 0.0136 |   7523s
ep  2525 | eps 0.10 | return   171.23 | HO   4.48 | HOF 17.52 | SE  2.42 | loss 0.0135 |   7598s
ep  2550 | eps 0.10 | return   169.18 | HO   4.33 | HOF 17.88 | SE  2.41 | loss 0.0134 |   7673s
ep  2575 | eps 0.10 | return   170.30 | HO   4.34 | HOF 17.69 | SE  2.41 | loss 0.0136 |   7748s
ep  2600 | eps 0.10 | return   168.83 | HO   4.47 | HOF 17.76 | SE  2.41 | loss 0.0131 |   7823s
ep  2625 | eps 0.10 | return   168.71 | HO   4.50 | HOF 17.69 | SE  2.41 | loss 0.0133 |   7898s
ep  2650 | eps 0.10 | return   170.08 | HO   4.37 | HOF 17.79 | SE  2.41 | loss 0.0131 |   7973s
ep  2675 | eps 0.10 | return   168.99 | HO   4.44 | HOF 17.74 | SE  2.41 | loss 0.0129 |   8048s
ep  2700 | eps 0.10 | return   168.99 | HO   4.46 | HOF 17.73 | SE  2.41 | loss 0.0131 |   8124s
ep  2725 | eps 0.10 | return   171.49 | HO   4.52 | HOF 17.59 | SE  2.42 | loss 0.0129 |   8199s
ep  2750 | eps 0.10 | return   172.64 | HO   4.49 | HOF 17.38 | SE  2.42 | loss 0.0127 |   8274s
ep  2775 | eps 0.10 | return   168.86 | HO   4.41 | HOF 17.80 | SE  2.41 | loss 0.0126 |   8349s
ep  2800 | eps 0.10 | return   169.05 | HO   4.47 | HOF 17.66 | SE  2.41 | loss 0.0126 |   8424s
ep  2825 | eps 0.10 | return   169.38 | HO   4.52 | HOF 17.58 | SE  2.41 | loss 0.0125 |   8499s
ep  2850 | eps 0.10 | return   170.77 | HO   4.52 | HOF 17.54 | SE  2.41 | loss 0.0127 |   8574s
ep  2875 | eps 0.10 | return   168.77 | HO   4.50 | HOF 17.79 | SE  2.41 | loss 0.0126 |   8650s
ep  2900 | eps 0.10 | return   168.86 | HO   4.48 | HOF 17.64 | SE  2.41 | loss 0.0126 |   8725s
ep  2925 | eps 0.10 | return   171.05 | HO   4.56 | HOF 17.37 | SE  2.41 | loss 0.0122 |   8800s
ep  2950 | eps 0.10 | return   170.33 | HO   4.47 | HOF 17.52 | SE  2.41 | loss 0.0124 |   8876s
ep  2975 | eps 0.10 | return   170.17 | HO   4.46 | HOF 17.48 | SE  2.41 | loss 0.0122 |   8951s
ep  3000 | eps 0.10 | return   169.41 | HO   4.51 | HOF 17.62 | SE  2.41 | loss 0.0121 |   9026s
ep  3025 | eps 0.10 | return   170.93 | HO   4.56 | HOF 17.40 | SE  2.41 | loss 0.0120 |   9101s
ep  3050 | eps 0.10 | return   171.44 | HO   4.57 | HOF 17.35 | SE  2.41 | loss 0.0118 |   9176s
ep  3075 | eps 0.10 | return   171.37 | HO   4.41 | HOF 17.49 | SE  2.42 | loss 0.0119 |   9251s
ep  3100 | eps 0.10 | return   170.78 | HO   4.43 | HOF 17.50 | SE  2.41 | loss 0.0119 |   9326s
ep  3125 | eps 0.10 | return   169.04 | HO   4.41 | HOF 17.77 | SE  2.41 | loss 0.0119 |   9401s
ep  3150 | eps 0.10 | return   171.27 | HO   4.49 | HOF 17.44 | SE  2.42 | loss 0.0118 |   9476s
ep  3175 | eps 0.10 | return   171.08 | HO   4.48 | HOF 17.41 | SE  2.42 | loss 0.0118 |   9551s
ep  3200 | eps 0.10 | return   169.47 | HO   4.44 | HOF 17.63 | SE  2.41 | loss 0.0115 |   9626s
ep  3225 | eps 0.10 | return   171.03 | HO   4.59 | HOF 17.42 | SE  2.42 | loss 0.0114 |   9702s
ep  3250 | eps 0.10 | return   168.87 | HO   4.49 | HOF 17.57 | SE  2.41 | loss 0.0114 |   9777s
ep  3275 | eps 0.10 | return   171.85 | HO   4.47 | HOF 17.35 | SE  2.42 | loss 0.0114 |   9853s
ep  3300 | eps 0.10 | return   170.22 | HO   4.61 | HOF 17.36 | SE  2.41 | loss 0.0115 |   9928s
ep  3325 | eps 0.10 | return   171.71 | HO   4.54 | HOF 17.19 | SE  2.42 | loss 0.0117 |  10003s
ep  3350 | eps 0.10 | return   167.76 | HO   4.41 | HOF 17.87 | SE  2.41 | loss 0.0116 |  10078s
ep  3375 | eps 0.10 | return   169.47 | HO   4.52 | HOF 17.47 | SE  2.41 | loss 0.0114 |  10154s
ep  3400 | eps 0.10 | return   171.19 | HO   4.56 | HOF 17.38 | SE  2.41 | loss 0.0114 |  10229s
ep  3425 | eps 0.10 | return   167.37 | HO   4.47 | HOF 17.77 | SE  2.41 | loss 0.0113 |  10304s
ep  3450 | eps 0.10 | return   169.32 | HO   4.49 | HOF 17.51 | SE  2.41 | loss 0.0114 |  10379s
ep  3475 | eps 0.10 | return   170.77 | HO   4.54 | HOF 17.33 | SE  2.41 | loss 0.0113 |  10454s
ep  3500 | eps 0.10 | return   170.40 | HO   4.48 | HOF 17.52 | SE  2.41 | loss 0.0112 |  10530s
ep  3525 | eps 0.10 | return   170.61 | HO   4.54 | HOF 17.43 | SE  2.41 | loss 0.0112 |  10605s
ep  3550 | eps 0.10 | return   168.99 | HO   4.54 | HOF 17.36 | SE  2.41 | loss 0.0112 |  10680s
ep  3575 | eps 0.10 | return   170.94 | HO   4.41 | HOF 17.51 | SE  2.42 | loss 0.0111 |  10755s
ep  3600 | eps 0.10 | return   170.43 | HO   4.51 | HOF 17.27 | SE  2.41 | loss 0.0112 |  10830s
ep  3625 | eps 0.10 | return   169.32 | HO   4.49 | HOF 17.46 | SE  2.41 | loss 0.0109 |  10905s
ep  3650 | eps 0.10 | return   170.09 | HO   4.58 | HOF 17.23 | SE  2.41 | loss 0.0108 |  10980s
ep  3675 | eps 0.10 | return   173.96 | HO   4.54 | HOF 17.05 | SE  2.42 | loss 0.0107 |  11055s
ep  3700 | eps 0.10 | return   169.57 | HO   4.58 | HOF 17.39 | SE  2.41 | loss 0.0105 |  11130s
ep  3725 | eps 0.10 | return   171.15 | HO   4.50 | HOF 17.39 | SE  2.41 | loss 0.0105 |  11205s
ep  3750 | eps 0.10 | return   170.36 | HO   4.50 | HOF 17.40 | SE  2.41 | loss 0.0102 |  11280s
ep  3775 | eps 0.10 | return   170.41 | HO   4.52 | HOF 17.31 | SE  2.41 | loss 0.0102 |  11355s
ep  3800 | eps 0.10 | return   170.73 | HO   4.44 | HOF 17.39 | SE  2.41 | loss 0.0102 |  11430s
ep  3825 | eps 0.10 | return   171.90 | HO   4.48 | HOF 17.24 | SE  2.42 | loss 0.0106 |  11505s
ep  3850 | eps 0.10 | return   169.34 | HO   4.62 | HOF 17.31 | SE  2.41 | loss 0.0109 |  11580s
ep  3875 | eps 0.10 | return   170.55 | HO   4.49 | HOF 17.28 | SE  2.41 | loss 0.0104 |  11655s
ep  3900 | eps 0.10 | return   168.72 | HO   4.52 | HOF 17.36 | SE  2.41 | loss 0.0101 |  11731s
ep  3925 | eps 0.10 | return   171.00 | HO   4.42 | HOF 17.28 | SE  2.41 | loss 0.0104 |  11806s
ep  3950 | eps 0.10 | return   171.26 | HO   4.49 | HOF 17.14 | SE  2.42 | loss 0.0101 |  11881s
ep  3975 | eps 0.10 | return   169.00 | HO   4.48 | HOF 17.38 | SE  2.41 | loss 0.0100 |  11956s
ep  4000 | eps 0.10 | return   169.59 | HO   4.46 | HOF 17.39 | SE  2.41 | loss 0.0100 |  12031s
saved -> gpu100_repro/runs/g100_ilcho_sigmoid_batch4  (12032s)
############ [A7 2/2] eval batch=4 policy on Phase 2-a ############ Wed, Sep 16, 2026  3:26:15 PM
methods: ['ILCHO', 'MD-CHO', 'MVT-CHO', 'HSNF']
ILCHO      starlink_phase_2a  UE=  5 | ho   9.044 | hof   0.000 | se   2.822 | jfi   0.997 | occ_var   0.007
ILCHO      starlink_phase_2a  UE= 20 | ho  10.356 | hof   0.128 | se   2.667 | jfi   0.997 | occ_var   0.046
ILCHO      starlink_phase_2a  UE= 40 | ho   9.650 | hof   1.292 | se   2.584 | jfi   0.996 | occ_var   0.100
ILCHO      starlink_phase_2a  UE= 70 | ho   7.456 | hof   2.386 | se   2.537 | jfi   0.997 | occ_var   0.143
ILCHO      starlink_phase_2a  UE=100 | ho   4.318 | hof   4.642 | se   2.500 | jfi   0.995 | occ_var   0.143
MD-CHO     starlink_phase_2a  UE=  5 | ho  16.578 | hof   0.067 | se   3.448 | jfi   0.999 | occ_var   0.015
MD-CHO     starlink_phase_2a  UE= 20 | ho  11.483 | hof  33.567 | se   2.937 | jfi   0.978 | occ_var   0.099
MD-CHO     starlink_phase_2a  UE= 40 | ho   4.350 | hof  64.392 | se   2.413 | jfi   0.974 | occ_var   0.171
MD-CHO     starlink_phase_2a  UE= 70 | ho   0.038 | hof  89.837 | se   1.976 | jfi   0.968 | occ_var   0.204
MD-CHO     starlink_phase_2a  UE=100 | ho   0.000 | hof  99.991 | se   1.779 | jfi   0.975 | occ_var   0.149
MVT-CHO    starlink_phase_2a  UE=  5 | ho   6.978 | hof   0.000 | se   3.011 | jfi   0.997 | occ_var   0.009
MVT-CHO    starlink_phase_2a  UE= 20 | ho   6.339 | hof   4.183 | se   2.999 | jfi   0.997 | occ_var   0.075
MVT-CHO    starlink_phase_2a  UE= 40 | ho   5.236 | hof   9.444 | se   2.868 | jfi   0.997 | occ_var   0.156
MVT-CHO    starlink_phase_2a  UE= 70 | ho   3.522 | hof  20.533 | se   2.583 | jfi   0.994 | occ_var   0.195
MVT-CHO    starlink_phase_2a  UE=100 | ho   2.419 | hof  29.950 | se   2.364 | jfi   0.980 | occ_var   0.149
HSNF       starlink_phase_2a  UE=  5 | ho  16.378 | hof   0.044 | se   3.440 | jfi   0.999 | occ_var   0.016
HSNF       starlink_phase_2a  UE= 20 | ho  13.428 | hof   0.028 | se   3.339 | jfi   0.999 | occ_var   0.094
HSNF       starlink_phase_2a  UE= 40 | ho  11.194 | hof   0.014 | se   3.106 | jfi   0.998 | occ_var   0.161
HSNF       starlink_phase_2a  UE= 70 | ho   9.657 | hof   0.037 | se   2.807 | jfi   0.994 | occ_var   0.187
HSNF       starlink_phase_2a  UE=100 | ho   5.589 | hof   3.246 | se   2.560 | jfi   0.992 | occ_var   0.142
### A5+A7 RUN DONE -- Wed, Sep 16, 2026  3:30:09 PM
