ep     1 | eps 0.90 | return   191.35 | HO   7.06 | HOF 20.88 | SE  2.66 | loss nan |      2s
ep    25 | eps 0.89 | return   187.64 | HO   6.84 | HOF 21.41 | SE  2.66 | loss 3.7857 |     47s
ep    50 | eps 0.88 | return   190.81 | HO   6.82 | HOF 21.06 | SE  2.67 | loss 1.7161 |     98s
ep    75 | eps 0.86 | return   189.80 | HO   6.88 | HOF 21.02 | SE  2.66 | loss 0.3848 |    150s
ep   100 | eps 0.85 | return   192.51 | HO   6.83 | HOF 20.71 | SE  2.67 | loss 0.2905 |    203s
ep   125 | eps 0.84 | return   191.73 | HO   6.78 | HOF 20.64 | SE  2.67 | loss 0.2278 |    255s
ep   150 | eps 0.83 | return   191.59 | HO   6.72 | HOF 20.68 | SE  2.67 | loss 0.1740 |    306s
ep   175 | eps 0.82 | return   195.15 | HO   6.73 | HOF 20.33 | SE  2.67 | loss 0.1473 |    357s
ep   200 | eps 0.81 | return   193.07 | HO   6.83 | HOF 20.37 | SE  2.67 | loss 0.1335 |    409s
ep   225 | eps 0.79 | return   194.85 | HO   6.86 | HOF 20.17 | SE  2.67 | loss 0.1199 |    461s
ep   250 | eps 0.78 | return   190.67 | HO   6.77 | HOF 20.60 | SE  2.67 | loss 0.1079 |    511s
ep   275 | eps 0.77 | return   196.08 | HO   6.73 | HOF 20.09 | SE  2.68 | loss 0.1014 |    561s
ep   300 | eps 0.76 | return   192.19 | HO   6.78 | HOF 20.35 | SE  2.67 | loss 0.0949 |    613s
ep   325 | eps 0.75 | return   196.24 | HO   6.80 | HOF 20.13 | SE  2.68 | loss 0.0909 |    663s
ep   350 | eps 0.74 | return   193.33 | HO   6.71 | HOF 20.29 | SE  2.67 | loss 0.0853 |    714s
ep   375 | eps 0.72 | return   196.34 | HO   6.76 | HOF 20.06 | SE  2.68 | loss 0.0816 |    766s
ep   400 | eps 0.71 | return   195.69 | HO   6.74 | HOF 20.07 | SE  2.68 | loss 0.0800 |    816s
ep   425 | eps 0.70 | return   196.28 | HO   6.67 | HOF 19.89 | SE  2.68 | loss 0.0769 |    868s
ep   450 | eps 0.69 | return   195.98 | HO   6.73 | HOF 19.79 | SE  2.67 | loss 0.0765 |    920s
ep   475 | eps 0.68 | return   193.46 | HO   6.72 | HOF 19.99 | SE  2.67 | loss 0.0755 |    971s
ep   500 | eps 0.66 | return   195.60 | HO   6.74 | HOF 19.70 | SE  2.68 | loss 0.0757 |   1021s
ep   525 | eps 0.65 | return   199.73 | HO   6.68 | HOF 19.18 | SE  2.68 | loss 0.0754 |   1073s
ep   550 | eps 0.64 | return   204.13 | HO   6.74 | HOF 18.50 | SE  2.69 | loss 0.0739 |   1124s
ep   575 | eps 0.63 | return   203.22 | HO   6.77 | HOF 18.29 | SE  2.69 | loss 0.0748 |   1175s
ep   600 | eps 0.62 | return   203.52 | HO   6.90 | HOF 17.98 | SE  2.69 | loss 0.0734 |   1228s
ep   625 | eps 0.61 | return   207.61 | HO   6.81 | HOF 17.59 | SE  2.70 | loss 0.0721 |   1278s
ep   650 | eps 0.59 | return   207.37 | HO   6.93 | HOF 17.23 | SE  2.70 | loss 0.0712 |   1329s
ep   675 | eps 0.58 | return   210.45 | HO   6.86 | HOF 16.84 | SE  2.70 | loss 0.0696 |   1382s
ep   700 | eps 0.57 | return   213.12 | HO   6.76 | HOF 16.39 | SE  2.71 | loss 0.0753 |   1433s
ep   725 | eps 0.56 | return   212.92 | HO   6.87 | HOF 16.26 | SE  2.71 | loss 0.0709 |   1484s
ep   750 | eps 0.55 | return   215.30 | HO   6.91 | HOF 15.96 | SE  2.71 | loss 0.0741 |   1535s
ep   775 | eps 0.54 | return   216.39 | HO   6.88 | HOF 15.55 | SE  2.71 | loss 0.0723 |   1585s
ep   800 | eps 0.52 | return   217.56 | HO   6.80 | HOF 15.61 | SE  2.72 | loss 0.0708 |   1637s
ep   825 | eps 0.51 | return   219.05 | HO   6.75 | HOF 15.41 | SE  2.72 | loss 0.0732 |   1688s
ep   850 | eps 0.50 | return   220.68 | HO   6.91 | HOF 15.08 | SE  2.72 | loss 0.0673 |   1741s
ep   875 | eps 0.49 | return   222.62 | HO   6.84 | HOF 14.85 | SE  2.72 | loss 0.0679 |   1791s
ep   900 | eps 0.48 | return   225.73 | HO   6.99 | HOF 14.45 | SE  2.73 | loss 0.0727 |   1844s
ep   925 | eps 0.46 | return   225.38 | HO   6.85 | HOF 14.51 | SE  2.73 | loss 0.0791 |   1894s
ep   950 | eps 0.45 | return   227.55 | HO   6.84 | HOF 14.19 | SE  2.73 | loss 0.0782 |   1945s
ep   975 | eps 0.44 | return   230.62 | HO   6.88 | HOF 13.97 | SE  2.74 | loss 0.0777 |   1997s
ep  1000 | eps 0.43 | return   233.94 | HO   6.78 | HOF 14.00 | SE  2.75 | loss 0.0801 |   2048s
ep  1025 | eps 0.42 | return   234.39 | HO   6.80 | HOF 13.65 | SE  2.75 | loss 0.0882 |   2098s
ep  1050 | eps 0.41 | return   233.44 | HO   6.83 | HOF 13.15 | SE  2.74 | loss 0.1144 |   2150s
ep  1075 | eps 0.39 | return   232.39 | HO   6.92 | HOF 12.76 | SE  2.74 | loss 0.0814 |   2203s
ep  1100 | eps 0.38 | return   231.20 | HO   6.99 | HOF 12.38 | SE  2.74 | loss 0.0587 |   2253s
ep  1125 | eps 0.37 | return   231.01 | HO   7.02 | HOF 12.09 | SE  2.74 | loss 0.0533 |   2304s
ep  1150 | eps 0.36 | return   234.75 | HO   6.91 | HOF 12.08 | SE  2.75 | loss 0.0513 |   2355s
ep  1175 | eps 0.35 | return   235.40 | HO   6.98 | HOF 11.95 | SE  2.75 | loss 0.0582 |   2406s
ep  1200 | eps 0.34 | return   238.59 | HO   6.92 | HOF 11.77 | SE  2.75 | loss 0.0683 |   2458s
ep  1225 | eps 0.32 | return   238.57 | HO   6.93 | HOF 11.85 | SE  2.75 | loss 0.0689 |   2509s
ep  1250 | eps 0.31 | return   237.38 | HO   6.94 | HOF 11.64 | SE  2.75 | loss 0.1638 |   2559s
ep  1275 | eps 0.30 | return   242.34 | HO   6.80 | HOF 10.43 | SE  2.76 | loss 0.1884 |   2612s
ep  1300 | eps 0.29 | return   245.24 | HO   6.81 | HOF 10.41 | SE  2.77 | loss 0.1240 |   2663s
ep  1325 | eps 0.28 | return   251.37 | HO   6.70 | HOF 10.65 | SE  2.78 | loss 0.0677 |   2713s
ep  1350 | eps 0.26 | return   250.68 | HO   6.75 | HOF 10.13 | SE  2.78 | loss 0.0620 |   2765s
ep  1375 | eps 0.25 | return   249.73 | HO   7.00 | HOF  9.35 | SE  2.78 | loss 0.0500 |   2816s
ep  1400 | eps 0.24 | return   251.72 | HO   6.91 | HOF  8.94 | SE  2.78 | loss 0.0487 |   2866s
ep  1425 | eps 0.23 | return   253.29 | HO   6.96 | HOF  8.83 | SE  2.78 | loss 0.0469 |   2919s
ep  1450 | eps 0.22 | return   254.76 | HO   7.06 | HOF  8.57 | SE  2.78 | loss 0.0478 |   2970s
ep  1475 | eps 0.21 | return   250.86 | HO   7.07 | HOF  8.36 | SE  2.78 | loss 0.0490 |   3020s
ep  1500 | eps 0.19 | return   245.76 | HO   6.98 | HOF  7.79 | SE  2.77 | loss 0.0439 |   3073s
ep  1525 | eps 0.18 | return   244.34 | HO   7.04 | HOF  7.09 | SE  2.76 | loss 0.0422 |   3123s
ep  1550 | eps 0.17 | return   244.85 | HO   7.12 | HOF  6.75 | SE  2.76 | loss 0.0447 |   3173s
ep  1575 | eps 0.16 | return   244.58 | HO   7.23 | HOF  6.42 | SE  2.76 | loss 0.0488 |   3226s
ep  1600 | eps 0.15 | return   241.91 | HO   7.24 | HOF  5.78 | SE  2.75 | loss 0.0485 |   3277s
ep  1625 | eps 0.14 | return   238.26 | HO   7.21 | HOF  5.26 | SE  2.75 | loss 0.0436 |   3327s
ep  1650 | eps 0.12 | return   251.07 | HO   7.10 | HOF  5.42 | SE  2.77 | loss 0.0457 |   3379s
ep  1675 | eps 0.11 | return   258.79 | HO   7.10 | HOF  5.59 | SE  2.78 | loss 0.0613 |   3431s
ep  1700 | eps 0.10 | return   255.62 | HO   7.20 | HOF  5.36 | SE  2.77 | loss 0.0677 |   3482s
ep  1725 | eps 0.10 | return   250.00 | HO   7.24 | HOF  4.58 | SE  2.76 | loss 0.2099 |   3534s
ep  1750 | eps 0.10 | return   231.92 | HO   7.37 | HOF  3.35 | SE  2.72 | loss 0.1762 |   3585s
ep  1775 | eps 0.10 | return   248.92 | HO   7.17 | HOF  3.82 | SE  2.76 | loss 0.0782 |   3636s
ep  1800 | eps 0.10 | return   269.43 | HO   6.96 | HOF  4.18 | SE  2.81 | loss 0.0491 |   3688s
ep  1825 | eps 0.10 | return   279.31 | HO   6.69 | HOF  4.80 | SE  2.83 | loss 0.0465 |   3739s
ep  1850 | eps 0.10 | return   281.58 | HO   6.67 | HOF  5.51 | SE  2.83 | loss 0.0387 |   3790s
ep  1875 | eps 0.10 | return   279.67 | HO   6.78 | HOF  4.72 | SE  2.82 | loss 0.0389 |   3842s
ep  1900 | eps 0.10 | return   264.17 | HO   6.93 | HOF  4.27 | SE  2.79 | loss 0.0353 |   3893s
ep  1925 | eps 0.10 | return   260.67 | HO   6.97 | HOF  4.08 | SE  2.79 | loss 0.0330 |   3944s
ep  1950 | eps 0.10 | return   262.22 | HO   6.87 | HOF  4.28 | SE  2.79 | loss 0.0330 |   3996s
ep  1975 | eps 0.10 | return   264.08 | HO   6.86 | HOF  4.37 | SE  2.79 | loss 0.0325 |   4046s
ep  2000 | eps 0.10 | return   262.85 | HO   6.88 | HOF  4.55 | SE  2.79 | loss 0.0329 |   4097s
ep  2025 | eps 0.10 | return   262.37 | HO   6.89 | HOF  4.48 | SE  2.79 | loss 0.0323 |   4149s
ep  2050 | eps 0.10 | return   257.98 | HO   6.99 | HOF  4.39 | SE  2.78 | loss 0.0306 |   4200s
ep  2075 | eps 0.10 | return   258.25 | HO   7.01 | HOF  4.36 | SE  2.78 | loss 0.0312 |   4251s
ep  2100 | eps 0.10 | return   257.45 | HO   6.99 | HOF  4.49 | SE  2.78 | loss 0.0304 |   4303s
ep  2125 | eps 0.10 | return   258.87 | HO   6.97 | HOF  4.49 | SE  2.78 | loss 0.0300 |   4354s
ep  2150 | eps 0.10 | return   257.75 | HO   6.91 | HOF  4.58 | SE  2.78 | loss 0.0298 |   4405s
ep  2175 | eps 0.10 | return   258.19 | HO   7.10 | HOF  4.30 | SE  2.78 | loss 0.0290 |   4457s
ep  2200 | eps 0.10 | return   258.75 | HO   7.05 | HOF  4.29 | SE  2.78 | loss 0.0289 |   4507s
ep  2225 | eps 0.10 | return   258.48 | HO   6.97 | HOF  4.48 | SE  2.78 | loss 0.0285 |   4558s
ep  2250 | eps 0.10 | return   259.17 | HO   7.04 | HOF  4.31 | SE  2.79 | loss 0.0281 |   4611s
ep  2275 | eps 0.10 | return   259.29 | HO   6.87 | HOF  4.38 | SE  2.78 | loss 0.0279 |   4661s
ep  2300 | eps 0.10 | return   262.01 | HO   6.92 | HOF  4.26 | SE  2.79 | loss 0.0272 |   4713s
ep  2325 | eps 0.10 | return   261.51 | HO   7.05 | HOF  4.32 | SE  2.79 | loss 0.0268 |   4765s
ep  2350 | eps 0.10 | return   263.85 | HO   7.00 | HOF  4.29 | SE  2.80 | loss 0.0269 |   4817s
ep  2375 | eps 0.10 | return   263.49 | HO   6.86 | HOF  4.28 | SE  2.79 | loss 0.0269 |   4868s
ep  2400 | eps 0.10 | return   261.98 | HO   6.86 | HOF  4.13 | SE  2.79 | loss 0.0262 |   4920s
ep  2425 | eps 0.10 | return   259.36 | HO   6.96 | HOF  4.12 | SE  2.78 | loss 0.0262 |   4971s
ep  2450 | eps 0.10 | return   259.44 | HO   6.84 | HOF  4.01 | SE  2.78 | loss 0.0259 |   5022s
ep  2475 | eps 0.10 | return   260.48 | HO   6.81 | HOF  4.02 | SE  2.78 | loss 0.0261 |   5074s
ep  2500 | eps 0.10 | return   258.27 | HO   6.86 | HOF  4.02 | SE  2.78 | loss 0.0256 |   5125s
ep  2525 | eps 0.10 | return   258.63 | HO   6.82 | HOF  3.96 | SE  2.78 | loss 0.0251 |   5176s
ep  2550 | eps 0.10 | return   258.23 | HO   6.81 | HOF  3.86 | SE  2.78 | loss 0.0252 |   5228s
ep  2575 | eps 0.10 | return   258.37 | HO   6.87 | HOF  3.86 | SE  2.78 | loss 0.0245 |   5278s
ep  2600 | eps 0.10 | return   256.65 | HO   6.93 | HOF  3.85 | SE  2.78 | loss 0.0248 |   5330s
ep  2625 | eps 0.10 | return   253.50 | HO   7.08 | HOF  3.92 | SE  2.77 | loss 0.0251 |   5382s
ep  2650 | eps 0.10 | return   256.32 | HO   6.97 | HOF  3.89 | SE  2.78 | loss 0.0248 |   5432s
ep  2675 | eps 0.10 | return   256.95 | HO   6.92 | HOF  3.95 | SE  2.78 | loss 0.0238 |   5483s
ep  2700 | eps 0.10 | return   256.09 | HO   6.97 | HOF  3.90 | SE  2.78 | loss 0.0242 |   5537s
ep  2725 | eps 0.10 | return   255.58 | HO   6.92 | HOF  3.99 | SE  2.77 | loss 0.0242 |   5588s
ep  2750 | eps 0.10 | return   256.27 | HO   6.82 | HOF  3.99 | SE  2.78 | loss 0.0239 |   5639s
ep  2775 | eps 0.10 | return   256.57 | HO   6.87 | HOF  3.84 | SE  2.78 | loss 0.0235 |   5691s
ep  2800 | eps 0.10 | return   255.94 | HO   7.01 | HOF  3.75 | SE  2.77 | loss 0.0233 |   5742s
