ep     1 | eps 0.90 | return  -109.93 | HO   2.35 | HOF 68.20 | SE  2.05 | loss nan |      3s
ep    25 | eps 0.89 | return  -118.81 | HO   2.41 | HOF 69.26 | SE  2.03 | loss 3.0042 |     76s
ep    50 | eps 0.88 | return  -103.35 | HO   2.54 | HOF 66.71 | SE  2.06 | loss 0.3007 |    151s
ep    75 | eps 0.88 | return   -92.90 | HO   2.62 | HOF 64.94 | SE  2.07 | loss 0.1640 |    226s
ep   100 | eps 0.87 | return   -93.47 | HO   2.63 | HOF 64.90 | SE  2.07 | loss 0.1186 |    301s
ep   125 | eps 0.86 | return   -94.32 | HO   2.55 | HOF 65.32 | SE  2.07 | loss 0.1006 |    376s
ep   150 | eps 0.85 | return   -96.69 | HO   2.59 | HOF 65.63 | SE  2.07 | loss 0.1174 |    452s
ep   175 | eps 0.84 | return   -87.76 | HO   2.74 | HOF 63.94 | SE  2.08 | loss 0.1327 |    527s
ep   200 | eps 0.83 | return   -82.03 | HO   2.70 | HOF 63.11 | SE  2.08 | loss 0.1314 |    602s
ep   225 | eps 0.82 | return   -75.66 | HO   2.86 | HOF 62.16 | SE  2.09 | loss 0.1350 |    678s
ep   250 | eps 0.82 | return   -70.85 | HO   2.87 | HOF 61.32 | SE  2.10 | loss 0.1302 |    753s
ep   275 | eps 0.81 | return   -73.07 | HO   2.96 | HOF 61.42 | SE  2.10 | loss 0.1167 |    828s
ep   300 | eps 0.80 | return   -75.14 | HO   2.87 | HOF 61.60 | SE  2.09 | loss 0.1220 |    903s
ep   325 | eps 0.79 | return   -69.37 | HO   2.79 | HOF 61.10 | SE  2.10 | loss 0.1782 |    979s
ep   350 | eps 0.78 | return   -68.15 | HO   2.87 | HOF 60.83 | SE  2.10 | loss 0.1855 |   1055s
ep   375 | eps 0.78 | return   -66.39 | HO   2.96 | HOF 60.21 | SE  2.10 | loss 0.0799 |   1130s
ep   400 | eps 0.77 | return   -64.96 | HO   2.87 | HOF 60.15 | SE  2.11 | loss 0.0813 |   1205s
ep   425 | eps 0.76 | return   -63.06 | HO   2.81 | HOF 59.86 | SE  2.11 | loss 0.0813 |   1280s
ep   450 | eps 0.75 | return   -63.66 | HO   2.80 | HOF 60.03 | SE  2.11 | loss 0.0816 |   1355s
ep   475 | eps 0.74 | return   -62.06 | HO   2.78 | HOF 59.81 | SE  2.11 | loss 0.1297 |   1430s
ep   500 | eps 0.73 | return   -61.30 | HO   2.84 | HOF 59.85 | SE  2.11 | loss 0.3002 |   1506s
ep   525 | eps 0.72 | return   -62.87 | HO   2.85 | HOF 59.64 | SE  2.11 | loss 0.0810 |   1581s
ep   550 | eps 0.72 | return   -57.05 | HO   2.96 | HOF 58.71 | SE  2.12 | loss 0.0664 |   1656s
ep   575 | eps 0.71 | return   -50.73 | HO   3.01 | HOF 57.88 | SE  2.13 | loss 0.0671 |   1732s
ep   600 | eps 0.70 | return   -53.12 | HO   2.96 | HOF 57.96 | SE  2.12 | loss 0.0846 |   1807s
ep   625 | eps 0.69 | return   -48.60 | HO   2.96 | HOF 57.52 | SE  2.13 | loss 0.0711 |   1882s
ep   650 | eps 0.68 | return   -51.23 | HO   2.86 | HOF 57.75 | SE  2.12 | loss 0.1295 |   1957s
ep   675 | eps 0.68 | return   -49.43 | HO   3.03 | HOF 57.22 | SE  2.13 | loss 0.2424 |   2032s
ep   700 | eps 0.67 | return   -44.55 | HO   3.16 | HOF 56.54 | SE  2.13 | loss 0.0752 |   2107s
ep   725 | eps 0.66 | return   -45.11 | HO   3.06 | HOF 56.62 | SE  2.13 | loss 0.0612 |   2183s
ep   750 | eps 0.65 | return   -39.24 | HO   3.13 | HOF 55.66 | SE  2.14 | loss 0.0749 |   2258s
ep   775 | eps 0.64 | return   -35.56 | HO   3.15 | HOF 55.13 | SE  2.15 | loss 0.0857 |   2333s
ep   800 | eps 0.63 | return   -38.93 | HO   3.00 | HOF 55.63 | SE  2.14 | loss 0.0755 |   2408s
ep   825 | eps 0.62 | return   -33.45 | HO   3.09 | HOF 54.74 | SE  2.15 | loss 0.2044 |   2483s
ep   850 | eps 0.62 | return   -40.18 | HO   2.91 | HOF 55.61 | SE  2.14 | loss 0.1412 |   2558s
ep   875 | eps 0.61 | return   -30.90 | HO   3.10 | HOF 54.43 | SE  2.15 | loss 0.1496 |   2633s
ep   900 | eps 0.60 | return   -28.27 | HO   3.25 | HOF 53.73 | SE  2.16 | loss 0.0533 |   2708s
ep   925 | eps 0.59 | return   -35.14 | HO   3.08 | HOF 54.92 | SE  2.15 | loss 0.0486 |   2784s
ep   950 | eps 0.58 | return   -23.57 | HO   3.15 | HOF 53.31 | SE  2.16 | loss 0.0458 |   2859s
ep   975 | eps 0.57 | return   -26.64 | HO   3.01 | HOF 53.63 | SE  2.16 | loss 0.0481 |   2934s
ep  1000 | eps 0.57 | return   -22.74 | HO   3.13 | HOF 53.10 | SE  2.16 | loss 0.0488 |   3009s
ep  1025 | eps 0.56 | return   -26.02 | HO   3.01 | HOF 53.17 | SE  2.16 | loss 0.0674 |   3084s
ep  1050 | eps 0.55 | return   -13.83 | HO   3.37 | HOF 51.07 | SE  2.17 | loss 0.1102 |   3159s
ep  1075 | eps 0.54 | return    -9.80 | HO   3.43 | HOF 50.37 | SE  2.18 | loss 0.0479 |   3235s
ep  1100 | eps 0.53 | return   -13.93 | HO   3.20 | HOF 51.37 | SE  2.17 | loss 0.0601 |   3311s
ep  1125 | eps 0.53 | return   -12.01 | HO   3.05 | HOF 51.47 | SE  2.18 | loss 0.1166 |   3386s
ep  1150 | eps 0.52 | return    -7.73 | HO   3.21 | HOF 50.72 | SE  2.19 | loss 0.0494 |   3461s
ep  1175 | eps 0.51 | return    -8.67 | HO   3.15 | HOF 50.47 | SE  2.18 | loss 0.0542 |   3536s
ep  1200 | eps 0.50 | return     1.84 | HO   3.43 | HOF 48.58 | SE  2.20 | loss 0.1076 |   3611s
ep  1225 | eps 0.49 | return     3.67 | HO   3.62 | HOF 47.82 | SE  2.20 | loss 0.0505 |   3686s
ep  1250 | eps 0.48 | return    -8.51 | HO   2.81 | HOF 50.72 | SE  2.18 | loss 0.0860 |   3761s
ep  1275 | eps 0.47 | return     4.80 | HO   3.24 | HOF 48.29 | SE  2.20 | loss 0.0705 |   3837s
ep  1300 | eps 0.47 | return     4.64 | HO   3.25 | HOF 48.25 | SE  2.20 | loss 0.0592 |   3912s
ep  1325 | eps 0.46 | return     3.77 | HO   3.17 | HOF 48.32 | SE  2.20 | loss 0.0955 |   3987s
ep  1350 | eps 0.45 | return    13.30 | HO   3.40 | HOF 46.85 | SE  2.21 | loss 0.0464 |   4062s
ep  1375 | eps 0.44 | return    10.38 | HO   3.25 | HOF 47.16 | SE  2.21 | loss 0.0544 |   4137s
ep  1400 | eps 0.43 | return    17.62 | HO   3.50 | HOF 45.89 | SE  2.22 | loss 0.0392 |   4212s
ep  1425 | eps 0.42 | return    19.51 | HO   3.46 | HOF 45.85 | SE  2.22 | loss 0.0365 |   4287s
ep  1450 | eps 0.42 | return    18.69 | HO   3.34 | HOF 45.76 | SE  2.22 | loss 0.0353 |   4363s
ep  1475 | eps 0.41 | return    24.09 | HO   3.42 | HOF 44.84 | SE  2.22 | loss 0.0354 |   4438s
ep  1500 | eps 0.40 | return    28.56 | HO   3.57 | HOF 43.88 | SE  2.23 | loss 0.0343 |   4514s
ep  1525 | eps 0.39 | return    33.87 | HO   3.52 | HOF 42.96 | SE  2.24 | loss 0.0333 |   4589s
ep  1550 | eps 0.38 | return    37.47 | HO   3.74 | HOF 42.08 | SE  2.24 | loss 0.0324 |   4664s
ep  1575 | eps 0.38 | return    39.31 | HO   3.72 | HOF 41.67 | SE  2.24 | loss 0.0319 |   4739s
ep  1600 | eps 0.37 | return    42.26 | HO   3.75 | HOF 41.11 | SE  2.25 | loss 0.0312 |   4815s
ep  1625 | eps 0.36 | return    43.67 | HO   3.70 | HOF 40.94 | SE  2.25 | loss 0.0306 |   4891s
ep  1650 | eps 0.35 | return    47.92 | HO   3.59 | HOF 40.32 | SE  2.26 | loss 0.0295 |   4966s
ep  1675 | eps 0.34 | return    51.48 | HO   3.77 | HOF 39.61 | SE  2.26 | loss 0.0292 |   5041s
ep  1700 | eps 0.33 | return    56.01 | HO   3.74 | HOF 38.81 | SE  2.27 | loss 0.0282 |   5117s
ep  1725 | eps 0.32 | return    59.27 | HO   3.81 | HOF 38.22 | SE  2.27 | loss 0.0282 |   5192s
ep  1750 | eps 0.32 | return    64.99 | HO   3.90 | HOF 37.19 | SE  2.28 | loss 0.0273 |   5268s
ep  1775 | eps 0.31 | return    66.16 | HO   3.89 | HOF 36.71 | SE  2.28 | loss 0.0259 |   5343s
ep  1800 | eps 0.30 | return    68.51 | HO   3.87 | HOF 36.26 | SE  2.28 | loss 0.0255 |   5418s
ep  1825 | eps 0.29 | return    73.54 | HO   3.91 | HOF 35.46 | SE  2.29 | loss 0.0246 |   5494s
ep  1850 | eps 0.28 | return    75.91 | HO   3.95 | HOF 34.92 | SE  2.29 | loss 0.0243 |   5569s
ep  1875 | eps 0.28 | return    79.27 | HO   3.90 | HOF 34.36 | SE  2.30 | loss 0.0236 |   5644s
ep  1900 | eps 0.27 | return    85.24 | HO   3.94 | HOF 33.48 | SE  2.30 | loss 0.0231 |   5718s
ep  1925 | eps 0.26 | return    87.64 | HO   3.93 | HOF 32.94 | SE  2.31 | loss 0.0225 |   5794s
ep  1950 | eps 0.25 | return    91.61 | HO   4.08 | HOF 32.24 | SE  2.31 | loss 0.0220 |   5869s
ep  1975 | eps 0.24 | return    92.75 | HO   4.10 | HOF 31.84 | SE  2.31 | loss 0.0216 |   5944s
ep  2000 | eps 0.23 | return   100.45 | HO   4.09 | HOF 30.67 | SE  2.32 | loss 0.0211 |   6020s
ep  2025 | eps 0.22 | return   103.97 | HO   4.09 | HOF 30.09 | SE  2.33 | loss 0.0205 |   6095s
ep  2050 | eps 0.22 | return   105.90 | HO   4.11 | HOF 29.58 | SE  2.33 | loss 0.0201 |   6170s
ep  2075 | eps 0.21 | return   109.17 | HO   4.09 | HOF 29.00 | SE  2.34 | loss 0.0196 |   6245s
ep  2100 | eps 0.20 | return   111.60 | HO   4.08 | HOF 28.32 | SE  2.34 | loss 0.0195 |   6321s
ep  2125 | eps 0.19 | return   118.85 | HO   4.13 | HOF 27.47 | SE  2.35 | loss 0.0189 |   6396s
ep  2150 | eps 0.18 | return   122.68 | HO   4.25 | HOF 26.60 | SE  2.35 | loss 0.0183 |   6472s
ep  2175 | eps 0.17 | return   125.88 | HO   4.32 | HOF 25.77 | SE  2.36 | loss 0.0176 |   6547s
ep  2200 | eps 0.17 | return   129.71 | HO   4.23 | HOF 25.34 | SE  2.36 | loss 0.0176 |   6622s
ep  2225 | eps 0.16 | return   134.46 | HO   4.19 | HOF 24.45 | SE  2.37 | loss 0.0173 |   6697s
ep  2250 | eps 0.15 | return   136.71 | HO   4.35 | HOF 23.75 | SE  2.37 | loss 0.0169 |   6772s
ep  2275 | eps 0.14 | return   143.72 | HO   4.26 | HOF 22.82 | SE  2.38 | loss 0.0166 |   6847s
ep  2300 | eps 0.13 | return   147.13 | HO   4.24 | HOF 22.02 | SE  2.39 | loss 0.0163 |   6922s
ep  2325 | eps 0.12 | return   153.88 | HO   4.20 | HOF 21.02 | SE  2.39 | loss 0.0160 |   6997s
ep  2350 | eps 0.12 | return   156.17 | HO   4.34 | HOF 20.14 | SE  2.40 | loss 0.0157 |   7073s
ep  2375 | eps 0.11 | return   162.74 | HO   4.37 | HOF 19.02 | SE  2.40 | loss 0.0154 |   7148s
ep  2400 | eps 0.10 | return   167.18 | HO   4.43 | HOF 18.17 | SE  2.41 | loss 0.0150 |   7223s
ep  2425 | eps 0.10 | return   168.73 | HO   4.34 | HOF 17.84 | SE  2.41 | loss 0.0145 |   7298s
ep  2450 | eps 0.10 | return   170.28 | HO   4.33 | HOF 17.83 | SE  2.41 | loss 0.0143 |   7373s
ep  2475 | eps 0.10 | return   170.07 | HO   4.33 | HOF 17.89 | SE  2.41 | loss 0.0139 |   7448s
ep  2500 | eps 0.10 | return   168.60 | HO   4.32 | HOF 17.93 | SE  2.41 | loss 0.0136 |   7523s
ep  2525 | eps 0.10 | return   171.23 | HO   4.48 | HOF 17.52 | SE  2.42 | loss 0.0135 |   7598s
ep  2550 | eps 0.10 | return   169.18 | HO   4.33 | HOF 17.88 | SE  2.41 | loss 0.0134 |   7673s
ep  2575 | eps 0.10 | return   170.30 | HO   4.34 | HOF 17.69 | SE  2.41 | loss 0.0136 |   7748s
ep  2600 | eps 0.10 | return   168.83 | HO   4.47 | HOF 17.76 | SE  2.41 | loss 0.0131 |   7823s
ep  2625 | eps 0.10 | return   168.71 | HO   4.50 | HOF 17.69 | SE  2.41 | loss 0.0133 |   7898s
ep  2650 | eps 0.10 | return   170.08 | HO   4.37 | HOF 17.79 | SE  2.41 | loss 0.0131 |   7973s
ep  2675 | eps 0.10 | return   168.99 | HO   4.44 | HOF 17.74 | SE  2.41 | loss 0.0129 |   8048s
ep  2700 | eps 0.10 | return   168.99 | HO   4.46 | HOF 17.73 | SE  2.41 | loss 0.0131 |   8124s
ep  2725 | eps 0.10 | return   171.49 | HO   4.52 | HOF 17.59 | SE  2.42 | loss 0.0129 |   8199s
ep  2750 | eps 0.10 | return   172.64 | HO   4.49 | HOF 17.38 | SE  2.42 | loss 0.0127 |   8274s
ep  2775 | eps 0.10 | return   168.86 | HO   4.41 | HOF 17.80 | SE  2.41 | loss 0.0126 |   8349s
ep  2800 | eps 0.10 | return   169.05 | HO   4.47 | HOF 17.66 | SE  2.41 | loss 0.0126 |   8424s
ep  2825 | eps 0.10 | return   169.38 | HO   4.52 | HOF 17.58 | SE  2.41 | loss 0.0125 |   8499s
ep  2850 | eps 0.10 | return   170.77 | HO   4.52 | HOF 17.54 | SE  2.41 | loss 0.0127 |   8574s
ep  2875 | eps 0.10 | return   168.77 | HO   4.50 | HOF 17.79 | SE  2.41 | loss 0.0126 |   8650s
ep  2900 | eps 0.10 | return   168.86 | HO   4.48 | HOF 17.64 | SE  2.41 | loss 0.0126 |   8725s
ep  2925 | eps 0.10 | return   171.05 | HO   4.56 | HOF 17.37 | SE  2.41 | loss 0.0122 |   8800s
ep  2950 | eps 0.10 | return   170.33 | HO   4.47 | HOF 17.52 | SE  2.41 | loss 0.0124 |   8876s
ep  2975 | eps 0.10 | return   170.17 | HO   4.46 | HOF 17.48 | SE  2.41 | loss 0.0122 |   8951s
ep  3000 | eps 0.10 | return   169.41 | HO   4.51 | HOF 17.62 | SE  2.41 | loss 0.0121 |   9026s
ep  3025 | eps 0.10 | return   170.93 | HO   4.56 | HOF 17.40 | SE  2.41 | loss 0.0120 |   9101s
ep  3050 | eps 0.10 | return   171.44 | HO   4.57 | HOF 17.35 | SE  2.41 | loss 0.0118 |   9176s
ep  3075 | eps 0.10 | return   171.37 | HO   4.41 | HOF 17.49 | SE  2.42 | loss 0.0119 |   9251s
ep  3100 | eps 0.10 | return   170.78 | HO   4.43 | HOF 17.50 | SE  2.41 | loss 0.0119 |   9326s
ep  3125 | eps 0.10 | return   169.04 | HO   4.41 | HOF 17.77 | SE  2.41 | loss 0.0119 |   9401s
ep  3150 | eps 0.10 | return   171.27 | HO   4.49 | HOF 17.44 | SE  2.42 | loss 0.0118 |   9476s
ep  3175 | eps 0.10 | return   171.08 | HO   4.48 | HOF 17.41 | SE  2.42 | loss 0.0118 |   9551s
ep  3200 | eps 0.10 | return   169.47 | HO   4.44 | HOF 17.63 | SE  2.41 | loss 0.0115 |   9626s
ep  3225 | eps 0.10 | return   171.03 | HO   4.59 | HOF 17.42 | SE  2.42 | loss 0.0114 |   9702s
ep  3250 | eps 0.10 | return   168.87 | HO   4.49 | HOF 17.57 | SE  2.41 | loss 0.0114 |   9777s
ep  3275 | eps 0.10 | return   171.85 | HO   4.47 | HOF 17.35 | SE  2.42 | loss 0.0114 |   9853s
ep  3300 | eps 0.10 | return   170.22 | HO   4.61 | HOF 17.36 | SE  2.41 | loss 0.0115 |   9928s
ep  3325 | eps 0.10 | return   171.71 | HO   4.54 | HOF 17.19 | SE  2.42 | loss 0.0117 |  10003s
ep  3350 | eps 0.10 | return   167.76 | HO   4.41 | HOF 17.87 | SE  2.41 | loss 0.0116 |  10078s
ep  3375 | eps 0.10 | return   169.47 | HO   4.52 | HOF 17.47 | SE  2.41 | loss 0.0114 |  10154s
ep  3400 | eps 0.10 | return   171.19 | HO   4.56 | HOF 17.38 | SE  2.41 | loss 0.0114 |  10229s
ep  3425 | eps 0.10 | return   167.37 | HO   4.47 | HOF 17.77 | SE  2.41 | loss 0.0113 |  10304s
ep  3450 | eps 0.10 | return   169.32 | HO   4.49 | HOF 17.51 | SE  2.41 | loss 0.0114 |  10379s
ep  3475 | eps 0.10 | return   170.77 | HO   4.54 | HOF 17.33 | SE  2.41 | loss 0.0113 |  10454s
ep  3500 | eps 0.10 | return   170.40 | HO   4.48 | HOF 17.52 | SE  2.41 | loss 0.0112 |  10530s
ep  3525 | eps 0.10 | return   170.61 | HO   4.54 | HOF 17.43 | SE  2.41 | loss 0.0112 |  10605s
ep  3550 | eps 0.10 | return   168.99 | HO   4.54 | HOF 17.36 | SE  2.41 | loss 0.0112 |  10680s
ep  3575 | eps 0.10 | return   170.94 | HO   4.41 | HOF 17.51 | SE  2.42 | loss 0.0111 |  10755s
ep  3600 | eps 0.10 | return   170.43 | HO   4.51 | HOF 17.27 | SE  2.41 | loss 0.0112 |  10830s
ep  3625 | eps 0.10 | return   169.32 | HO   4.49 | HOF 17.46 | SE  2.41 | loss 0.0109 |  10905s
ep  3650 | eps 0.10 | return   170.09 | HO   4.58 | HOF 17.23 | SE  2.41 | loss 0.0108 |  10980s
ep  3675 | eps 0.10 | return   173.96 | HO   4.54 | HOF 17.05 | SE  2.42 | loss 0.0107 |  11055s
ep  3700 | eps 0.10 | return   169.57 | HO   4.58 | HOF 17.39 | SE  2.41 | loss 0.0105 |  11130s
ep  3725 | eps 0.10 | return   171.15 | HO   4.50 | HOF 17.39 | SE  2.41 | loss 0.0105 |  11205s
ep  3750 | eps 0.10 | return   170.36 | HO   4.50 | HOF 17.40 | SE  2.41 | loss 0.0102 |  11280s
ep  3775 | eps 0.10 | return   170.41 | HO   4.52 | HOF 17.31 | SE  2.41 | loss 0.0102 |  11355s
ep  3800 | eps 0.10 | return   170.73 | HO   4.44 | HOF 17.39 | SE  2.41 | loss 0.0102 |  11430s
ep  3825 | eps 0.10 | return   171.90 | HO   4.48 | HOF 17.24 | SE  2.42 | loss 0.0106 |  11505s
ep  3850 | eps 0.10 | return   169.34 | HO   4.62 | HOF 17.31 | SE  2.41 | loss 0.0109 |  11580s
ep  3875 | eps 0.10 | return   170.55 | HO   4.49 | HOF 17.28 | SE  2.41 | loss 0.0104 |  11655s
ep  3900 | eps 0.10 | return   168.72 | HO   4.52 | HOF 17.36 | SE  2.41 | loss 0.0101 |  11731s
ep  3925 | eps 0.10 | return   171.00 | HO   4.42 | HOF 17.28 | SE  2.41 | loss 0.0104 |  11806s
ep  3950 | eps 0.10 | return   171.26 | HO   4.49 | HOF 17.14 | SE  2.42 | loss 0.0101 |  11881s
ep  3975 | eps 0.10 | return   169.00 | HO   4.48 | HOF 17.38 | SE  2.41 | loss 0.0100 |  11956s
ep  4000 | eps 0.10 | return   169.59 | HO   4.46 | HOF 17.39 | SE  2.41 | loss 0.0100 |  12031s
