ep     1 | eps 0.90 | return   173.50 | HO   2.35 | HOF 68.21 | SE  2.05 | loss nan |      3s
ep    25 | eps 0.89 | return   168.31 | HO   2.43 | HOF 68.89 | SE  2.04 | loss 5.0254 |     78s
ep    50 | eps 0.88 | return   173.88 | HO   2.51 | HOF 67.89 | SE  2.05 | loss 0.5301 |    157s
ep    75 | eps 0.87 | return   191.80 | HO   2.59 | HOF 65.22 | SE  2.07 | loss 0.2124 |    235s
ep   100 | eps 0.86 | return   192.47 | HO   2.61 | HOF 65.05 | SE  2.07 | loss 0.1427 |    314s
ep   125 | eps 0.84 | return   188.80 | HO   2.64 | HOF 65.54 | SE  2.06 | loss 0.1118 |    393s
ep   150 | eps 0.83 | return   191.89 | HO   2.65 | HOF 65.10 | SE  2.07 | loss 0.1287 |    474s
ep   175 | eps 0.82 | return   203.21 | HO   2.70 | HOF 63.52 | SE  2.08 | loss 0.1440 |    553s
ep   200 | eps 0.81 | return   209.34 | HO   2.75 | HOF 62.30 | SE  2.09 | loss 0.1548 |    633s
ep   225 | eps 0.80 | return   214.10 | HO   2.71 | HOF 61.82 | SE  2.10 | loss 0.1542 |    713s
ep   250 | eps 0.79 | return   216.44 | HO   2.77 | HOF 61.35 | SE  2.10 | loss 0.1357 |    793s
ep   275 | eps 0.78 | return   221.32 | HO   2.89 | HOF 60.52 | SE  2.11 | loss 0.1164 |    873s
ep   300 | eps 0.77 | return   221.13 | HO   2.80 | HOF 60.59 | SE  2.10 | loss 0.1115 |    952s
ep   325 | eps 0.76 | return   224.50 | HO   2.72 | HOF 60.17 | SE  2.11 | loss 0.1250 |   1032s
ep   350 | eps 0.74 | return   223.99 | HO   2.75 | HOF 60.26 | SE  2.11 | loss 0.2559 |   1111s
ep   375 | eps 0.73 | return   224.89 | HO   2.79 | HOF 60.06 | SE  2.11 | loss 0.1967 |   1191s
ep   400 | eps 0.72 | return   229.54 | HO   2.88 | HOF 59.34 | SE  2.11 | loss 0.1048 |   1271s
ep   425 | eps 0.71 | return   236.91 | HO   3.05 | HOF 58.07 | SE  2.12 | loss 0.0866 |   1351s
ep   450 | eps 0.70 | return   240.96 | HO   3.01 | HOF 57.55 | SE  2.13 | loss 0.0905 |   1431s
ep   475 | eps 0.69 | return   239.55 | HO   2.89 | HOF 57.79 | SE  2.13 | loss 0.0859 |   1511s
ep   500 | eps 0.68 | return   238.64 | HO   2.85 | HOF 57.89 | SE  2.12 | loss 0.1159 |   1591s
ep   525 | eps 0.67 | return   245.81 | HO   3.06 | HOF 56.71 | SE  2.13 | loss 0.3374 |   1671s
ep   550 | eps 0.66 | return   248.25 | HO   3.03 | HOF 56.24 | SE  2.14 | loss 0.0817 |   1751s
ep   575 | eps 0.64 | return   254.49 | HO   3.27 | HOF 55.13 | SE  2.14 | loss 0.0786 |   1831s
ep   600 | eps 0.63 | return   258.17 | HO   3.16 | HOF 54.84 | SE  2.15 | loss 0.0743 |   1910s
ep   625 | eps 0.62 | return   256.17 | HO   3.11 | HOF 55.06 | SE  2.15 | loss 0.0752 |   1990s
ep   650 | eps 0.61 | return   256.83 | HO   3.01 | HOF 55.04 | SE  2.15 | loss 0.0758 |   2069s
ep   675 | eps 0.60 | return   263.31 | HO   3.13 | HOF 53.91 | SE  2.16 | loss 0.1244 |   2148s
ep   700 | eps 0.59 | return   259.41 | HO   3.03 | HOF 54.51 | SE  2.15 | loss 0.1374 |   2228s
ep   725 | eps 0.58 | return   271.10 | HO   3.33 | HOF 52.62 | SE  2.16 | loss 0.1210 |   2307s
ep   750 | eps 0.57 | return   268.77 | HO   3.17 | HOF 53.04 | SE  2.16 | loss 0.1024 |   2387s
ep   775 | eps 0.56 | return   275.66 | HO   3.20 | HOF 51.97 | SE  2.17 | loss 0.0701 |   2466s
ep   800 | eps 0.54 | return   276.15 | HO   3.16 | HOF 51.96 | SE  2.17 | loss 0.1018 |   2546s
ep   825 | eps 0.53 | return   280.95 | HO   3.08 | HOF 51.42 | SE  2.18 | loss 0.0649 |   2625s
ep   850 | eps 0.52 | return   289.75 | HO   3.52 | HOF 49.63 | SE  2.18 | loss 0.0624 |   2705s
ep   875 | eps 0.51 | return   287.78 | HO   3.20 | HOF 50.21 | SE  2.18 | loss 0.1568 |   2784s
ep   900 | eps 0.50 | return   292.04 | HO   3.22 | HOF 49.57 | SE  2.19 | loss 0.1196 |   2864s
ep   925 | eps 0.49 | return   287.69 | HO   3.11 | HOF 50.20 | SE  2.18 | loss 0.1605 |   2943s
ep   950 | eps 0.48 | return   301.15 | HO   3.47 | HOF 47.87 | SE  2.20 | loss 0.0993 |   3023s
ep   975 | eps 0.47 | return   306.72 | HO   3.54 | HOF 47.12 | SE  2.21 | loss 0.0840 |   3102s
ep  1000 | eps 0.46 | return   311.36 | HO   3.51 | HOF 46.39 | SE  2.21 | loss 0.0562 |   3182s
ep  1025 | eps 0.44 | return   311.30 | HO   3.43 | HOF 46.47 | SE  2.21 | loss 0.0685 |   3261s
ep  1050 | eps 0.43 | return   312.64 | HO   3.26 | HOF 46.32 | SE  2.21 | loss 0.0781 |   3341s
ep  1075 | eps 0.42 | return   318.73 | HO   3.38 | HOF 45.35 | SE  2.22 | loss 0.1207 |   3420s
ep  1100 | eps 0.41 | return   321.24 | HO   3.46 | HOF 44.95 | SE  2.22 | loss 0.0575 |   3500s
ep  1125 | eps 0.40 | return   330.76 | HO   3.70 | HOF 43.16 | SE  2.23 | loss 0.0815 |   3580s
ep  1150 | eps 0.39 | return   323.59 | HO   3.19 | HOF 44.66 | SE  2.23 | loss 0.0846 |   3660s
ep  1175 | eps 0.38 | return   337.29 | HO   3.63 | HOF 42.33 | SE  2.24 | loss 0.0902 |   3739s
ep  1200 | eps 0.37 | return   341.19 | HO   3.65 | HOF 41.63 | SE  2.24 | loss 0.0554 |   3819s
ep  1225 | eps 0.36 | return   347.16 | HO   3.74 | HOF 40.77 | SE  2.25 | loss 0.0481 |   3898s
ep  1250 | eps 0.34 | return   352.02 | HO   3.70 | HOF 39.97 | SE  2.26 | loss 0.0567 |   3977s
ep  1275 | eps 0.33 | return   349.47 | HO   3.52 | HOF 40.44 | SE  2.26 | loss 0.0516 |   4057s
ep  1300 | eps 0.32 | return   360.10 | HO   3.72 | HOF 38.69 | SE  2.27 | loss 0.0545 |   4137s
ep  1325 | eps 0.31 | return   359.74 | HO   3.59 | HOF 38.66 | SE  2.27 | loss 0.0596 |   4217s
ep  1350 | eps 0.30 | return   371.84 | HO   3.80 | HOF 36.82 | SE  2.28 | loss 0.0412 |   4296s
ep  1375 | eps 0.29 | return   377.03 | HO   3.90 | HOF 35.94 | SE  2.29 | loss 0.0387 |   4376s
ep  1400 | eps 0.28 | return   382.40 | HO   3.86 | HOF 35.31 | SE  2.29 | loss 0.0390 |   4455s
ep  1425 | eps 0.27 | return   388.21 | HO   3.80 | HOF 34.28 | SE  2.30 | loss 0.0374 |   4535s
ep  1450 | eps 0.26 | return   392.29 | HO   3.87 | HOF 33.61 | SE  2.30 | loss 0.0363 |   4614s
ep  1475 | eps 0.24 | return   398.56 | HO   3.97 | HOF 32.48 | SE  2.31 | loss 0.0352 |   4694s
ep  1500 | eps 0.23 | return   405.53 | HO   4.01 | HOF 31.37 | SE  2.32 | loss 0.0334 |   4774s
ep  1525 | eps 0.22 | return   410.75 | HO   4.07 | HOF 30.49 | SE  2.32 | loss 0.0328 |   4853s
ep  1550 | eps 0.21 | return   416.54 | HO   4.14 | HOF 29.64 | SE  2.33 | loss 0.0324 |   4933s
ep  1575 | eps 0.20 | return   423.21 | HO   4.19 | HOF 28.51 | SE  2.34 | loss 0.0316 |   5012s
ep  1600 | eps 0.19 | return   427.67 | HO   4.17 | HOF 27.74 | SE  2.34 | loss 0.0309 |   5091s
ep  1625 | eps 0.18 | return   434.71 | HO   4.11 | HOF 26.73 | SE  2.35 | loss 0.0302 |   5171s
ep  1650 | eps 0.17 | return   441.23 | HO   4.21 | HOF 25.70 | SE  2.36 | loss 0.0295 |   5250s
ep  1675 | eps 0.16 | return   450.47 | HO   4.16 | HOF 24.34 | SE  2.37 | loss 0.0288 |   5330s
ep  1700 | eps 0.14 | return   455.08 | HO   4.29 | HOF 23.27 | SE  2.37 | loss 0.0281 |   5410s
ep  1725 | eps 0.13 | return   463.71 | HO   4.22 | HOF 22.22 | SE  2.38 | loss 0.0275 |   5489s
ep  1750 | eps 0.12 | return   470.57 | HO   4.32 | HOF 20.99 | SE  2.39 | loss 0.0272 |   5569s
ep  1775 | eps 0.11 | return   477.33 | HO   4.31 | HOF 19.88 | SE  2.40 | loss 0.0264 |   5648s
ep  1800 | eps 0.10 | return   485.01 | HO   4.29 | HOF 18.61 | SE  2.41 | loss 0.0259 |   5728s
ep  1825 | eps 0.10 | return   489.98 | HO   4.32 | HOF 17.79 | SE  2.41 | loss 0.0253 |   5807s
ep  1850 | eps 0.10 | return   488.62 | HO   4.22 | HOF 18.14 | SE  2.41 | loss 0.0252 |   5887s
ep  1875 | eps 0.10 | return   490.34 | HO   4.30 | HOF 17.86 | SE  2.41 | loss 0.0246 |   5966s
ep  1900 | eps 0.10 | return   490.38 | HO   4.29 | HOF 17.72 | SE  2.41 | loss 0.0246 |   6046s
ep  1925 | eps 0.10 | return   490.99 | HO   4.31 | HOF 17.76 | SE  2.41 | loss 0.0242 |   6125s
ep  1950 | eps 0.10 | return   490.78 | HO   4.32 | HOF 17.78 | SE  2.41 | loss 0.0244 |   6204s
ep  1975 | eps 0.10 | return   491.44 | HO   4.31 | HOF 17.72 | SE  2.41 | loss 0.0243 |   6284s
ep  2000 | eps 0.10 | return   490.40 | HO   4.30 | HOF 17.87 | SE  2.41 | loss 0.0247 |   6364s
ep  2025 | eps 0.10 | return   489.87 | HO   4.30 | HOF 17.86 | SE  2.41 | loss 0.0244 |   6443s
ep  2050 | eps 0.10 | return   491.88 | HO   4.28 | HOF 17.63 | SE  2.41 | loss 0.0241 |   6522s
ep  2075 | eps 0.10 | return   491.49 | HO   4.35 | HOF 17.62 | SE  2.41 | loss 0.0241 |   6602s
ep  2100 | eps 0.10 | return   490.57 | HO   4.28 | HOF 17.60 | SE  2.41 | loss 0.0240 |   6681s
ep  2125 | eps 0.10 | return   489.18 | HO   4.21 | HOF 18.00 | SE  2.41 | loss 0.0243 |   6760s
ep  2150 | eps 0.10 | return   490.52 | HO   4.31 | HOF 17.73 | SE  2.41 | loss 0.0241 |   6840s
ep  2175 | eps 0.10 | return   490.94 | HO   4.34 | HOF 17.70 | SE  2.41 | loss 0.0238 |   6919s
ep  2200 | eps 0.10 | return   491.21 | HO   4.32 | HOF 17.58 | SE  2.41 | loss 0.0238 |   6998s
ep  2225 | eps 0.10 | return   490.03 | HO   4.28 | HOF 17.68 | SE  2.41 | loss 0.0238 |   7078s
ep  2250 | eps 0.10 | return   488.80 | HO   4.32 | HOF 17.90 | SE  2.41 | loss 0.0236 |   7158s
ep  2275 | eps 0.10 | return   490.60 | HO   4.35 | HOF 17.64 | SE  2.41 | loss 0.0237 |   7237s
ep  2300 | eps 0.10 | return   491.97 | HO   4.33 | HOF 17.57 | SE  2.41 | loss 0.0234 |   7317s
ep  2325 | eps 0.10 | return   491.93 | HO   4.24 | HOF 17.64 | SE  2.41 | loss 0.0240 |   7396s
ep  2350 | eps 0.10 | return   490.32 | HO   4.35 | HOF 17.72 | SE  2.41 | loss 0.0239 |   7476s
ep  2375 | eps 0.10 | return   492.72 | HO   4.34 | HOF 17.44 | SE  2.42 | loss 0.0243 |   7555s
ep  2400 | eps 0.10 | return   490.72 | HO   4.24 | HOF 17.66 | SE  2.41 | loss 0.0241 |   7635s
ep  2425 | eps 0.10 | return   489.93 | HO   4.31 | HOF 17.84 | SE  2.41 | loss 0.0245 |   7714s
ep  2450 | eps 0.10 | return   491.33 | HO   4.30 | HOF 17.66 | SE  2.41 | loss 0.0242 |   7793s
ep  2475 | eps 0.10 | return   491.07 | HO   4.30 | HOF 17.61 | SE  2.41 | loss 0.0244 |   7873s
ep  2500 | eps 0.10 | return   491.68 | HO   4.36 | HOF 17.45 | SE  2.41 | loss 0.0243 |   7952s
ep  2525 | eps 0.10 | return   491.01 | HO   4.34 | HOF 17.52 | SE  2.41 | loss 0.0241 |   8032s
ep  2550 | eps 0.10 | return   491.16 | HO   4.29 | HOF 17.61 | SE  2.41 | loss 0.0243 |   8111s
ep  2575 | eps 0.10 | return   491.04 | HO   4.31 | HOF 17.49 | SE  2.41 | loss 0.0244 |   8191s
ep  2600 | eps 0.10 | return   491.07 | HO   4.33 | HOF 17.51 | SE  2.41 | loss 0.0245 |   8270s
ep  2625 | eps 0.10 | return   491.72 | HO   4.34 | HOF 17.50 | SE  2.41 | loss 0.0245 |   8350s
ep  2650 | eps 0.10 | return   491.29 | HO   4.32 | HOF 17.63 | SE  2.41 | loss 0.0243 |   8429s
ep  2675 | eps 0.10 | return   490.35 | HO   4.31 | HOF 17.67 | SE  2.41 | loss 0.0243 |   8509s
ep  2700 | eps 0.10 | return   491.10 | HO   4.32 | HOF 17.49 | SE  2.41 | loss 0.0246 |   8589s
ep  2725 | eps 0.10 | return   492.06 | HO   4.30 | HOF 17.40 | SE  2.41 | loss 0.0244 |   8668s
ep  2750 | eps 0.10 | return   491.57 | HO   4.35 | HOF 17.51 | SE  2.41 | loss 0.0243 |   8748s
ep  2775 | eps 0.10 | return   490.23 | HO   4.31 | HOF 17.68 | SE  2.41 | loss 0.0244 |   8827s
ep  2800 | eps 0.10 | return   491.53 | HO   4.37 | HOF 17.36 | SE  2.41 | loss 0.0246 |   8907s
ep  2825 | eps 0.10 | return   492.74 | HO   4.25 | HOF 17.55 | SE  2.42 | loss 0.0247 |   8987s
ep  2850 | eps 0.10 | return   491.62 | HO   4.36 | HOF 17.37 | SE  2.41 | loss 0.0242 |   9066s
ep  2875 | eps 0.10 | return   490.51 | HO   4.32 | HOF 17.52 | SE  2.41 | loss 0.0245 |   9146s
ep  2900 | eps 0.10 | return   492.62 | HO   4.28 | HOF 17.45 | SE  2.41 | loss 0.0244 |   9225s
ep  2925 | eps 0.10 | return   491.76 | HO   4.31 | HOF 17.45 | SE  2.41 | loss 0.0245 |   9305s
ep  2950 | eps 0.10 | return   491.01 | HO   4.25 | HOF 17.70 | SE  2.41 | loss 0.0248 |   9384s
ep  2975 | eps 0.10 | return   493.21 | HO   4.34 | HOF 17.34 | SE  2.42 | loss 0.0249 |   9463s
ep  3000 | eps 0.10 | return   492.03 | HO   4.32 | HOF 17.46 | SE  2.41 | loss 0.0250 |   9543s
