ep     1 | eps 0.90 | return   -32.34 | HO   7.30 | HOF 54.99 | SE  2.13 | loss nan |      4s
ep    25 | eps 0.89 | return   -39.78 | HO   7.11 | HOF 56.55 | SE  2.12 | loss 9.3154 |     99s
ep    50 | eps 0.88 | return   -43.86 | HO   7.11 | HOF 57.09 | SE  2.11 | loss 1.1378 |    199s
ep    75 | eps 0.87 | return     1.05 | HO   7.34 | HOF 49.76 | SE  2.18 | loss 0.3767 |    300s
ep   100 | eps 0.86 | return    18.28 | HO   8.10 | HOF 46.46 | SE  2.20 | loss 0.3163 |    400s
ep   125 | eps 0.84 | return    23.16 | HO   8.56 | HOF 45.42 | SE  2.20 | loss 0.2210 |    500s
ep   150 | eps 0.83 | return    24.51 | HO   8.54 | HOF 45.36 | SE  2.20 | loss 0.1749 |    600s
ep   175 | eps 0.82 | return    17.72 | HO   8.16 | HOF 46.46 | SE  2.19 | loss 0.1800 |    700s
ep   200 | eps 0.81 | return    17.09 | HO   7.91 | HOF 46.57 | SE  2.20 | loss 0.1979 |    800s
ep   225 | eps 0.80 | return    24.79 | HO   7.88 | HOF 45.32 | SE  2.21 | loss 0.2034 |    900s
ep   250 | eps 0.79 | return    26.47 | HO   7.51 | HOF 45.67 | SE  2.21 | loss 0.1658 |   1000s
ep   275 | eps 0.78 | return    32.55 | HO   8.41 | HOF 44.04 | SE  2.21 | loss 0.1426 |   1100s
ep   300 | eps 0.77 | return    35.06 | HO   8.63 | HOF 43.39 | SE  2.22 | loss 0.1351 |   1200s
ep   325 | eps 0.76 | return    35.42 | HO   8.33 | HOF 43.62 | SE  2.22 | loss 0.1842 |   1300s
ep   350 | eps 0.74 | return    34.92 | HO   7.97 | HOF 43.91 | SE  2.22 | loss 0.2392 |   1400s
ep   375 | eps 0.73 | return    39.14 | HO   8.47 | HOF 42.99 | SE  2.22 | loss 0.2260 |   1500s
ep   400 | eps 0.72 | return    36.99 | HO   8.31 | HOF 43.17 | SE  2.22 | loss 0.2113 |   1600s
ep   425 | eps 0.71 | return    38.62 | HO   7.64 | HOF 43.39 | SE  2.23 | loss 0.1905 |   1700s
ep   450 | eps 0.70 | return    41.99 | HO   7.70 | HOF 42.91 | SE  2.23 | loss 0.1685 |   1800s
ep   475 | eps 0.69 | return    46.63 | HO   8.78 | HOF 41.11 | SE  2.23 | loss 0.1532 |   1900s
ep   500 | eps 0.68 | return    47.16 | HO   8.24 | HOF 41.34 | SE  2.23 | loss 0.1649 |   2000s
ep   525 | eps 0.67 | return    47.91 | HO   8.02 | HOF 41.49 | SE  2.24 | loss 0.1522 |   2100s
ep   550 | eps 0.66 | return    50.08 | HO   8.46 | HOF 40.49 | SE  2.24 | loss 0.1553 |   2200s
ep   575 | eps 0.64 | return    52.14 | HO   7.84 | HOF 39.96 | SE  2.25 | loss 0.2199 |   2301s
ep   600 | eps 0.63 | return    58.03 | HO   7.98 | HOF 39.53 | SE  2.25 | loss 0.1612 |   2401s
ep   625 | eps 0.62 | return    50.42 | HO   7.16 | HOF 41.69 | SE  2.25 | loss 0.3548 |   2502s
ep   650 | eps 0.61 | return    60.75 | HO   9.35 | HOF 37.75 | SE  2.24 | loss 0.2393 |   2602s
ep   675 | eps 0.60 | return    64.47 | HO   9.66 | HOF 37.02 | SE  2.25 | loss 0.1481 |   2702s
ep   700 | eps 0.59 | return    62.81 | HO   9.16 | HOF 37.39 | SE  2.25 | loss 0.1420 |   2802s
ep   725 | eps 0.58 | return    62.53 | HO   8.96 | HOF 38.07 | SE  2.25 | loss 0.1313 |   2902s
ep   750 | eps 0.57 | return    66.09 | HO   8.83 | HOF 37.46 | SE  2.26 | loss 0.1364 |   3003s
ep   775 | eps 0.56 | return    62.89 | HO   7.70 | HOF 38.64 | SE  2.26 | loss 0.1294 |   3104s
ep   800 | eps 0.54 | return    69.55 | HO   8.73 | HOF 36.80 | SE  2.26 | loss 0.1015 |   3204s
ep   825 | eps 0.53 | return    73.87 | HO   8.27 | HOF 35.81 | SE  2.27 | loss 0.0982 |   3304s
ep   850 | eps 0.52 | return    78.06 | HO   7.72 | HOF 35.16 | SE  2.28 | loss 0.1068 |   3404s
ep   875 | eps 0.51 | return    74.87 | HO   7.34 | HOF 36.94 | SE  2.28 | loss 0.2116 |   3504s
ep   900 | eps 0.50 | return    72.63 | HO   7.57 | HOF 37.21 | SE  2.27 | loss 0.2026 |   3604s
ep   925 | eps 0.49 | return    67.66 | HO   6.82 | HOF 38.74 | SE  2.27 | loss 0.1876 |   3705s
ep   950 | eps 0.48 | return    81.23 | HO   8.95 | HOF 34.24 | SE  2.27 | loss 0.0892 |   3805s
ep   975 | eps 0.47 | return    82.83 | HO   8.27 | HOF 34.63 | SE  2.28 | loss 0.0894 |   3905s
ep  1000 | eps 0.46 | return    83.80 | HO   7.94 | HOF 34.27 | SE  2.29 | loss 0.0869 |   4005s
ep  1025 | eps 0.44 | return    83.55 | HO   7.10 | HOF 35.32 | SE  2.29 | loss 0.0883 |   4106s
ep  1050 | eps 0.43 | return    84.21 | HO   7.25 | HOF 35.11 | SE  2.29 | loss 0.0909 |   4206s
ep  1075 | eps 0.42 | return    90.26 | HO   7.92 | HOF 33.12 | SE  2.29 | loss 0.0817 |   4306s
ep  1100 | eps 0.41 | return    89.99 | HO   8.14 | HOF 33.14 | SE  2.29 | loss 0.0761 |   4406s
ep  1125 | eps 0.40 | return    93.53 | HO   8.02 | HOF 32.35 | SE  2.30 | loss 0.0754 |   4507s
ep  1150 | eps 0.39 | return    96.85 | HO   7.96 | HOF 32.05 | SE  2.30 | loss 0.0748 |   4607s
ep  1175 | eps 0.38 | return    97.82 | HO   7.98 | HOF 31.90 | SE  2.30 | loss 0.0740 |   4707s
ep  1200 | eps 0.37 | return   100.62 | HO   7.97 | HOF 31.32 | SE  2.31 | loss 0.0731 |   4807s
ep  1225 | eps 0.36 | return   103.79 | HO   8.00 | HOF 30.79 | SE  2.31 | loss 0.0711 |   4907s
ep  1250 | eps 0.34 | return   107.57 | HO   7.97 | HOF 29.89 | SE  2.32 | loss 0.0698 |   5007s
ep  1275 | eps 0.33 | return   110.59 | HO   8.09 | HOF 29.31 | SE  2.32 | loss 0.0692 |   5107s
ep  1300 | eps 0.32 | return   113.33 | HO   8.30 | HOF 28.54 | SE  2.32 | loss 0.0676 |   5207s
ep  1325 | eps 0.31 | return   115.95 | HO   8.31 | HOF 28.21 | SE  2.32 | loss 0.0665 |   5307s
ep  1350 | eps 0.30 | return   119.45 | HO   8.38 | HOF 27.37 | SE  2.33 | loss 0.0653 |   5407s
ep  1375 | eps 0.29 | return   121.72 | HO   8.20 | HOF 27.20 | SE  2.33 | loss 0.0631 |   5506s
ep  1400 | eps 0.28 | return   125.87 | HO   8.27 | HOF 26.19 | SE  2.34 | loss 0.0616 |   5606s
ep  1425 | eps 0.27 | return   128.87 | HO   8.15 | HOF 25.86 | SE  2.34 | loss 0.0609 |   5706s
ep  1450 | eps 0.26 | return   132.05 | HO   8.13 | HOF 25.03 | SE  2.34 | loss 0.0603 |   5806s
ep  1475 | eps 0.24 | return   136.65 | HO   8.40 | HOF 23.98 | SE  2.35 | loss 0.0593 |   5907s
ep  1500 | eps 0.23 | return   140.10 | HO   8.49 | HOF 23.59 | SE  2.35 | loss 0.0587 |   6007s
ep  1525 | eps 0.22 | return   141.54 | HO   8.60 | HOF 23.17 | SE  2.35 | loss 0.0573 |   6107s
ep  1550 | eps 0.21 | return   143.87 | HO   8.71 | HOF 22.31 | SE  2.36 | loss 0.0560 |   6207s
ep  1575 | eps 0.20 | return   149.08 | HO   8.73 | HOF 21.43 | SE  2.36 | loss 0.0549 |   6308s
ep  1600 | eps 0.19 | return   152.62 | HO   8.74 | HOF 20.70 | SE  2.37 | loss 0.0538 |   6408s
ep  1625 | eps 0.18 | return   156.49 | HO   9.00 | HOF 19.68 | SE  2.37 | loss 0.0527 |   6508s
ep  1650 | eps 0.17 | return   157.23 | HO   8.91 | HOF 19.68 | SE  2.37 | loss 0.0517 |   6608s
ep  1675 | eps 0.16 | return   161.68 | HO   9.18 | HOF 18.63 | SE  2.37 | loss 0.0504 |   6709s
ep  1700 | eps 0.14 | return   165.13 | HO   9.05 | HOF 17.91 | SE  2.38 | loss 0.0493 |   6809s
ep  1725 | eps 0.13 | return   166.54 | HO   9.29 | HOF 17.10 | SE  2.38 | loss 0.0485 |   6909s
ep  1750 | eps 0.12 | return   172.25 | HO   9.38 | HOF 15.99 | SE  2.38 | loss 0.0478 |   7009s
ep  1775 | eps 0.11 | return   176.66 | HO   9.35 | HOF 15.26 | SE  2.39 | loss 0.0466 |   7108s
ep  1800 | eps 0.10 | return   179.72 | HO   9.38 | HOF 14.55 | SE  2.39 | loss 0.0463 |   7209s
ep  1825 | eps 0.10 | return   181.68 | HO   9.65 | HOF 14.04 | SE  2.39 | loss 0.0454 |   7309s
ep  1850 | eps 0.10 | return   182.94 | HO   9.23 | HOF 14.24 | SE  2.40 | loss 0.0447 |   7409s
ep  1875 | eps 0.10 | return   182.24 | HO   9.60 | HOF 13.79 | SE  2.39 | loss 0.0439 |   7509s
ep  1900 | eps 0.10 | return   181.60 | HO   9.60 | HOF 13.71 | SE  2.39 | loss 0.0432 |   7609s
ep  1925 | eps 0.10 | return   182.93 | HO   9.42 | HOF 13.78 | SE  2.39 | loss 0.0419 |   7709s
ep  1950 | eps 0.10 | return   182.26 | HO   9.63 | HOF 13.60 | SE  2.39 | loss 0.0406 |   7809s
ep  1975 | eps 0.10 | return   181.83 | HO   9.47 | HOF 13.71 | SE  2.39 | loss 0.0404 |   7909s
ep  2000 | eps 0.10 | return   182.73 | HO   9.50 | HOF 13.45 | SE  2.39 | loss 0.0391 |   8010s
ep  2025 | eps 0.10 | return   182.16 | HO   9.44 | HOF 13.48 | SE  2.39 | loss 0.0384 |   8110s
ep  2050 | eps 0.10 | return   183.60 | HO   9.57 | HOF 13.12 | SE  2.39 | loss 0.0375 |   8209s
ep  2075 | eps 0.10 | return   181.61 | HO   9.66 | HOF 13.34 | SE  2.39 | loss 0.0369 |   8309s
ep  2100 | eps 0.10 | return   182.00 | HO   9.80 | HOF 13.18 | SE  2.39 | loss 0.0364 |   8409s
ep  2125 | eps 0.10 | return   181.37 | HO   9.65 | HOF 13.42 | SE  2.39 | loss 0.0361 |   8509s
ep  2150 | eps 0.10 | return   184.23 | HO   9.49 | HOF 13.30 | SE  2.39 | loss 0.0357 |   8610s
ep  2175 | eps 0.10 | return   183.06 | HO   9.51 | HOF 13.49 | SE  2.39 | loss 0.0347 |   8710s
ep  2200 | eps 0.10 | return   183.82 | HO   9.81 | HOF 13.01 | SE  2.39 | loss 0.0343 |   8810s
ep  2225 | eps 0.10 | return   183.58 | HO   9.85 | HOF 13.10 | SE  2.39 | loss 0.0341 |   8910s
ep  2250 | eps 0.10 | return   182.12 | HO   9.55 | HOF 13.55 | SE  2.39 | loss 0.0339 |   9010s
ep  2275 | eps 0.10 | return   182.35 | HO   9.92 | HOF 13.15 | SE  2.39 | loss 0.0335 |   9110s
ep  2300 | eps 0.10 | return   184.15 | HO   9.71 | HOF 13.32 | SE  2.39 | loss 0.0329 |   9210s
ep  2325 | eps 0.10 | return   183.33 | HO   9.73 | HOF 13.18 | SE  2.39 | loss 0.0328 |   9310s
ep  2350 | eps 0.10 | return   183.89 | HO   9.86 | HOF 13.01 | SE  2.39 | loss 0.0328 |   9410s
ep  2375 | eps 0.10 | return   184.06 | HO   9.78 | HOF 13.07 | SE  2.39 | loss 0.0322 |   9510s
ep  2400 | eps 0.10 | return   184.17 | HO   9.75 | HOF 13.07 | SE  2.39 | loss 0.0318 |   9611s
ep  2425 | eps 0.10 | return   182.71 | HO   9.69 | HOF 13.29 | SE  2.38 | loss 0.0319 |   9711s
ep  2450 | eps 0.10 | return   183.15 | HO   9.64 | HOF 13.14 | SE  2.39 | loss 0.0316 |   9811s
ep  2475 | eps 0.10 | return   183.49 | HO   9.86 | HOF 12.94 | SE  2.39 | loss 0.0312 |   9911s
ep  2500 | eps 0.10 | return   185.61 | HO  10.01 | HOF 12.59 | SE  2.39 | loss 0.0306 |  10011s
ep  2525 | eps 0.10 | return   184.13 | HO  10.00 | HOF 12.62 | SE  2.39 | loss 0.0304 |  10111s
ep  2550 | eps 0.10 | return   185.33 | HO   9.77 | HOF 12.87 | SE  2.39 | loss 0.0302 |  10212s
ep  2575 | eps 0.10 | return   186.57 | HO   9.88 | HOF 12.59 | SE  2.39 | loss 0.0301 |  10312s
ep  2600 | eps 0.10 | return   184.67 | HO  10.00 | HOF 12.67 | SE  2.39 | loss 0.0299 |  10412s
ep  2625 | eps 0.10 | return   186.07 | HO   9.90 | HOF 12.52 | SE  2.39 | loss 0.0303 |  10512s
ep  2650 | eps 0.10 | return   184.82 | HO  10.04 | HOF 12.43 | SE  2.38 | loss 0.0300 |  10612s
ep  2675 | eps 0.10 | return   185.05 | HO   9.92 | HOF 12.66 | SE  2.39 | loss 0.0296 |  10712s
ep  2700 | eps 0.10 | return   185.49 | HO   9.97 | HOF 12.46 | SE  2.39 | loss 0.0294 |  10812s
ep  2725 | eps 0.10 | return   185.58 | HO   9.98 | HOF 12.47 | SE  2.39 | loss 0.0290 |  10912s
ep  2750 | eps 0.10 | return   185.14 | HO   9.89 | HOF 12.51 | SE  2.38 | loss 0.0285 |  11012s
ep  2775 | eps 0.10 | return   185.05 | HO   9.88 | HOF 12.52 | SE  2.39 | loss 0.0282 |  11112s
ep  2800 | eps 0.10 | return   184.87 | HO  10.07 | HOF 12.27 | SE  2.38 | loss 0.0279 |  11212s
ep  2825 | eps 0.10 | return   188.18 | HO   9.81 | HOF 12.30 | SE  2.39 | loss 0.0276 |  11312s
ep  2850 | eps 0.10 | return   186.50 | HO  10.11 | HOF 12.19 | SE  2.39 | loss 0.0270 |  11413s
ep  2875 | eps 0.10 | return   185.86 | HO  10.04 | HOF 12.26 | SE  2.39 | loss 0.0269 |  11513s
ep  2900 | eps 0.10 | return   185.37 | HO  10.05 | HOF 12.30 | SE  2.38 | loss 0.0267 |  11613s
ep  2925 | eps 0.10 | return   187.67 | HO  10.01 | HOF 12.10 | SE  2.39 | loss 0.0268 |  11713s
ep  2950 | eps 0.10 | return   187.29 | HO   9.89 | HOF 12.36 | SE  2.39 | loss 0.0266 |  11813s
ep  2975 | eps 0.10 | return   186.99 | HO  10.05 | HOF 12.22 | SE  2.39 | loss 0.0266 |  11914s
ep  3000 | eps 0.10 | return   186.06 | HO  10.09 | HOF 12.21 | SE  2.38 | loss 0.0265 |  12014s
