ep     1 | eps 0.90 | return  -928.53 | HO   0.79 | HOF 186.08 | SE  0.94 | loss nan |     12s
ep    25 | eps 0.89 | return  -932.65 | HO   0.72 | HOF 186.56 | SE  0.94 | loss 0.3907 |    251s
ep    50 | eps 0.88 | return  -927.18 | HO   0.72 | HOF 185.38 | SE  0.94 | loss 0.1520 |    498s
ep    75 | eps 0.87 | return  -931.11 | HO   0.74 | HOF 186.08 | SE  0.94 | loss 0.0891 |    743s
ep   100 | eps 0.86 | return  -933.07 | HO   0.76 | HOF 186.51 | SE  0.94 | loss 0.0667 |    984s
ep   125 | eps 0.84 | return  -928.79 | HO   0.76 | HOF 185.84 | SE  0.94 | loss 0.0605 |   1227s
ep   150 | eps 0.83 | return  -923.07 | HO   0.78 | HOF 184.62 | SE  0.94 | loss 0.0594 |   1470s
ep   175 | eps 0.82 | return  -930.26 | HO   0.79 | HOF 186.12 | SE  0.94 | loss 0.0704 |   1714s
ep   200 | eps 0.81 | return  -925.04 | HO   0.80 | HOF 184.94 | SE  0.94 | loss 0.1064 |   1956s
ep   225 | eps 0.80 | return  -927.20 | HO   0.73 | HOF 185.47 | SE  0.94 | loss 0.4206 |   2197s
ep   250 | eps 0.79 | return  -933.30 | HO   0.67 | HOF 186.61 | SE  0.93 | loss 0.3305 |   2438s
ep   275 | eps 0.78 | return  -934.11 | HO   0.69 | HOF 186.75 | SE  0.93 | loss 0.1247 |   2678s
ep   300 | eps 0.77 | return  -920.65 | HO   0.81 | HOF 184.26 | SE  0.95 | loss 0.1438 |   2919s
ep   325 | eps 0.76 | return  -920.58 | HO   0.79 | HOF 184.20 | SE  0.95 | loss 0.1352 |   3159s
ep   350 | eps 0.74 | return  -919.34 | HO   0.75 | HOF 184.10 | SE  0.95 | loss 0.0907 |   3400s
ep   375 | eps 0.73 | return  -916.52 | HO   0.71 | HOF 183.18 | SE  0.95 | loss 0.0812 |   3641s
ep   400 | eps 0.72 | return  -918.98 | HO   0.74 | HOF 183.82 | SE  0.95 | loss 0.0850 |   3881s
ep   425 | eps 0.71 | return  -920.51 | HO   0.74 | HOF 184.16 | SE  0.95 | loss 0.0857 |   4122s
ep   450 | eps 0.70 | return  -909.30 | HO   0.81 | HOF 181.70 | SE  0.95 | loss 0.0784 |   4363s
ep   475 | eps 0.69 | return  -911.04 | HO   0.85 | HOF 182.35 | SE  0.96 | loss 0.0763 |   4603s
ep   500 | eps 0.68 | return  -912.06 | HO   0.82 | HOF 182.57 | SE  0.96 | loss 0.1092 |   4844s
ep   525 | eps 0.67 | return  -909.93 | HO   0.78 | HOF 182.01 | SE  0.96 | loss 0.1147 |   5085s
ep   550 | eps 0.66 | return  -897.06 | HO   0.90 | HOF 179.55 | SE  0.97 | loss 0.0747 |   5326s
ep   575 | eps 0.64 | return  -898.99 | HO   0.94 | HOF 179.83 | SE  0.97 | loss 0.0547 |   5566s
ep   600 | eps 0.63 | return  -897.47 | HO   0.91 | HOF 179.45 | SE  0.97 | loss 0.0895 |   5807s
ep   625 | eps 0.62 | return  -906.20 | HO   0.78 | HOF 181.39 | SE  0.96 | loss 0.1623 |   6048s
ep   650 | eps 0.61 | return  -897.13 | HO   0.92 | HOF 179.55 | SE  0.97 | loss 0.0665 |   6288s
ep   675 | eps 0.60 | return  -893.68 | HO   0.89 | HOF 178.70 | SE  0.97 | loss 0.1080 |   6528s
ep   700 | eps 0.59 | return  -901.04 | HO   0.88 | HOF 180.53 | SE  0.97 | loss 0.0916 |   6769s
ep   725 | eps 0.58 | return  -904.31 | HO   0.83 | HOF 181.14 | SE  0.97 | loss 0.1106 |   7009s
ep   750 | eps 0.57 | return  -883.24 | HO   1.02 | HOF 176.75 | SE  0.98 | loss 0.0996 |   7250s
ep   775 | eps 0.56 | return  -889.39 | HO   0.95 | HOF 177.93 | SE  0.97 | loss 0.0650 |   7490s
ep   800 | eps 0.54 | return  -880.36 | HO   1.01 | HOF 176.00 | SE  0.98 | loss 0.0617 |   7731s
ep   825 | eps 0.53 | return  -881.18 | HO   1.00 | HOF 176.15 | SE  0.98 | loss 0.0809 |   7972s
ep   850 | eps 0.52 | return  -873.66 | HO   1.13 | HOF 174.82 | SE  0.99 | loss 0.0571 |   8212s
ep   875 | eps 0.51 | return  -871.33 | HO   1.00 | HOF 174.06 | SE  0.99 | loss 0.0488 |   8452s
ep   900 | eps 0.50 | return  -871.65 | HO   1.07 | HOF 174.32 | SE  0.99 | loss 0.0483 |   8692s
ep   925 | eps 0.49 | return  -868.73 | HO   1.11 | HOF 173.68 | SE  0.99 | loss 0.0489 |   8934s
ep   950 | eps 0.48 | return  -868.96 | HO   1.09 | HOF 173.86 | SE  0.99 | loss 0.0541 |   9174s
ep   975 | eps 0.47 | return  -868.76 | HO   1.10 | HOF 173.84 | SE  0.99 | loss 0.0902 |   9414s
ep  1000 | eps 0.46 | return  -863.94 | HO   1.13 | HOF 172.91 | SE  1.00 | loss 0.0967 |   9655s
ep  1025 | eps 0.44 | return  -855.47 | HO   1.23 | HOF 171.01 | SE  1.00 | loss 0.0726 |   9895s
ep  1050 | eps 0.43 | return  -855.58 | HO   1.34 | HOF 171.24 | SE  1.01 | loss 0.0525 |  10135s
ep  1075 | eps 0.42 | return  -852.19 | HO   1.20 | HOF 170.58 | SE  1.01 | loss 0.0451 |  10376s
ep  1100 | eps 0.41 | return  -853.19 | HO   1.12 | HOF 170.69 | SE  1.01 | loss 0.0454 |  10616s
ep  1125 | eps 0.40 | return  -852.30 | HO   1.19 | HOF 170.48 | SE  1.01 | loss 0.0458 |  10856s
ep  1150 | eps 0.39 | return  -836.79 | HO   1.43 | HOF 167.14 | SE  1.02 | loss 0.0472 |  11097s
ep  1175 | eps 0.38 | return  -831.70 | HO   1.56 | HOF 166.04 | SE  1.02 | loss 0.0487 |  11338s
ep  1200 | eps 0.37 | return  -835.65 | HO   1.44 | HOF 167.06 | SE  1.02 | loss 0.0460 |  11578s
ep  1225 | eps 0.36 | return  -826.97 | HO   1.38 | HOF 165.23 | SE  1.02 | loss 0.0406 |  11819s
ep  1250 | eps 0.34 | return  -830.05 | HO   1.42 | HOF 166.07 | SE  1.03 | loss 0.0399 |  12059s
ep  1275 | eps 0.33 | return  -829.29 | HO   1.47 | HOF 165.78 | SE  1.03 | loss 0.0393 |  12299s
ep  1300 | eps 0.32 | return  -821.55 | HO   1.50 | HOF 164.23 | SE  1.03 | loss 0.0389 |  12540s
ep  1325 | eps 0.31 | return  -819.89 | HO   1.48 | HOF 164.03 | SE  1.04 | loss 0.0379 |  12781s
ep  1350 | eps 0.30 | return  -813.42 | HO   1.52 | HOF 162.64 | SE  1.04 | loss 0.0381 |  13022s
ep  1375 | eps 0.29 | return  -806.73 | HO   1.59 | HOF 161.24 | SE  1.04 | loss 0.0382 |  13262s
ep  1400 | eps 0.28 | return  -805.88 | HO   1.60 | HOF 161.12 | SE  1.05 | loss 0.0364 |  13503s
ep  1425 | eps 0.27 | return  -799.87 | HO   1.59 | HOF 159.85 | SE  1.05 | loss 0.0367 |  13743s
ep  1450 | eps 0.26 | return  -802.88 | HO   1.60 | HOF 160.57 | SE  1.05 | loss 0.0361 |  13983s
ep  1475 | eps 0.24 | return  -790.72 | HO   1.57 | HOF 157.96 | SE  1.06 | loss 0.0352 |  14224s
ep  1500 | eps 0.23 | return  -789.18 | HO   1.63 | HOF 157.76 | SE  1.06 | loss 0.0356 |  14466s
ep  1525 | eps 0.22 | return  -785.42 | HO   1.65 | HOF 156.81 | SE  1.06 | loss 0.0347 |  14706s
ep  1550 | eps 0.21 | return  -787.56 | HO   1.60 | HOF 157.46 | SE  1.07 | loss 0.0342 |  14947s
ep  1575 | eps 0.20 | return  -781.35 | HO   1.61 | HOF 156.25 | SE  1.07 | loss 0.0341 |  15187s
ep  1600 | eps 0.19 | return  -777.03 | HO   1.64 | HOF 155.26 | SE  1.07 | loss 0.0347 |  15428s
ep  1625 | eps 0.18 | return  -769.73 | HO   1.68 | HOF 154.03 | SE  1.08 | loss 0.0337 |  15668s
ep  1650 | eps 0.17 | return  -763.54 | HO   1.71 | HOF 152.68 | SE  1.08 | loss 0.0332 |  15908s
ep  1675 | eps 0.16 | return  -758.44 | HO   1.74 | HOF 151.69 | SE  1.09 | loss 0.0330 |  16150s
ep  1700 | eps 0.14 | return  -750.47 | HO   1.78 | HOF 149.76 | SE  1.09 | loss 0.0321 |  16391s
ep  1725 | eps 0.13 | return  -744.56 | HO   1.74 | HOF 148.39 | SE  1.09 | loss 0.0321 |  16631s
ep  1750 | eps 0.12 | return  -745.08 | HO   1.68 | HOF 148.95 | SE  1.10 | loss 0.0320 |  16871s
ep  1775 | eps 0.11 | return  -735.34 | HO   1.76 | HOF 146.84 | SE  1.11 | loss 0.0312 |  17111s
ep  1800 | eps 0.10 | return  -728.14 | HO   1.80 | HOF 145.43 | SE  1.11 | loss 0.0308 |  17351s
ep  1825 | eps 0.10 | return  -725.94 | HO   1.82 | HOF 145.04 | SE  1.12 | loss 0.0310 |  17592s
ep  1850 | eps 0.10 | return  -730.72 | HO   1.78 | HOF 146.04 | SE  1.11 | loss 0.0299 |  17832s
ep  1875 | eps 0.10 | return  -720.12 | HO   1.79 | HOF 143.69 | SE  1.12 | loss 0.0297 |  18073s
ep  1900 | eps 0.10 | return  -728.21 | HO   1.75 | HOF 145.53 | SE  1.11 | loss 0.0304 |  18312s
ep  1925 | eps 0.10 | return  -727.33 | HO   1.84 | HOF 145.14 | SE  1.11 | loss 0.0303 |  18553s
ep  1950 | eps 0.10 | return  -719.43 | HO   1.87 | HOF 143.58 | SE  1.12 | loss 0.0308 |  18793s
ep  1975 | eps 0.10 | return  -731.47 | HO   1.86 | HOF 146.33 | SE  1.11 | loss 0.0307 |  19035s
ep  2000 | eps 0.10 | return  -723.24 | HO   1.81 | HOF 144.56 | SE  1.12 | loss 0.0301 |  19275s
ep  2025 | eps 0.10 | return  -725.43 | HO   1.90 | HOF 145.00 | SE  1.12 | loss 0.0296 |  19515s
ep  2050 | eps 0.10 | return  -731.35 | HO   1.85 | HOF 146.22 | SE  1.11 | loss 0.0305 |  19756s
ep  2075 | eps 0.10 | return  -728.24 | HO   1.89 | HOF 145.42 | SE  1.12 | loss 0.0298 |  19996s
ep  2100 | eps 0.10 | return  -725.29 | HO   1.92 | HOF 145.02 | SE  1.12 | loss 0.0300 |  20236s
ep  2125 | eps 0.10 | return  -725.68 | HO   1.92 | HOF 144.85 | SE  1.11 | loss 0.0299 |  20476s
ep  2150 | eps 0.10 | return  -723.69 | HO   1.90 | HOF 144.45 | SE  1.12 | loss 0.0290 |  20715s
ep  2175 | eps 0.10 | return  -722.68 | HO   1.95 | HOF 144.22 | SE  1.12 | loss 0.0294 |  20955s
ep  2200 | eps 0.10 | return  -723.20 | HO   1.89 | HOF 144.51 | SE  1.12 | loss 0.0296 |  21196s
ep  2225 | eps 0.10 | return  -720.74 | HO   1.92 | HOF 143.97 | SE  1.12 | loss 0.0296 |  21436s
ep  2250 | eps 0.10 | return  -731.38 | HO   1.88 | HOF 146.31 | SE  1.11 | loss 0.0293 |  21677s
ep  2275 | eps 0.10 | return  -725.76 | HO   1.99 | HOF 144.97 | SE  1.12 | loss 0.0296 |  21917s
ep  2300 | eps 0.10 | return  -726.65 | HO   2.01 | HOF 145.12 | SE  1.11 | loss 0.0305 |  22162s
ep  2325 | eps 0.10 | return  -730.53 | HO   1.98 | HOF 146.08 | SE  1.11 | loss 0.0310 |  22403s
ep  2350 | eps 0.10 | return  -721.73 | HO   1.96 | HOF 144.33 | SE  1.12 | loss 0.0300 |  22643s
ep  2375 | eps 0.10 | return  -721.50 | HO   2.03 | HOF 144.16 | SE  1.12 | loss 0.0309 |  22884s
ep  2400 | eps 0.10 | return  -722.50 | HO   1.99 | HOF 144.04 | SE  1.11 | loss 0.0307 |  23124s
ep  2425 | eps 0.10 | return  -725.68 | HO   2.02 | HOF 144.67 | SE  1.11 | loss 0.0307 |  23365s
ep  2450 | eps 0.10 | return  -734.97 | HO   1.96 | HOF 146.85 | SE  1.11 | loss 0.0301 |  23605s
ep  2475 | eps 0.10 | return  -726.35 | HO   1.97 | HOF 145.12 | SE  1.12 | loss 0.0307 |  23846s
ep  2500 | eps 0.10 | return  -730.19 | HO   1.97 | HOF 145.97 | SE  1.12 | loss 0.0293 |  24086s
ep  2525 | eps 0.10 | return  -715.41 | HO   2.05 | HOF 142.87 | SE  1.12 | loss 0.0302 |  24326s
ep  2550 | eps 0.10 | return  -728.80 | HO   2.00 | HOF 145.59 | SE  1.11 | loss 0.0300 |  24575s
ep  2575 | eps 0.10 | return  -723.78 | HO   1.99 | HOF 144.69 | SE  1.12 | loss 0.0299 |  24823s
ep  2600 | eps 0.10 | return  -724.42 | HO   1.94 | HOF 144.84 | SE  1.12 | loss 0.0309 |  25065s
ep  2625 | eps 0.10 | return  -723.69 | HO   2.00 | HOF 144.55 | SE  1.12 | loss 0.0314 |  25324s
ep  2650 | eps 0.10 | return  -728.25 | HO   1.97 | HOF 145.61 | SE  1.12 | loss 0.0309 |  25590s
ep  2675 | eps 0.10 | return  -727.22 | HO   1.94 | HOF 145.40 | SE  1.12 | loss 0.0320 |  25841s
ep  2700 | eps 0.10 | return  -725.42 | HO   1.96 | HOF 144.93 | SE  1.12 | loss 0.0318 |  26083s
ep  2725 | eps 0.10 | return  -728.64 | HO   2.01 | HOF 145.51 | SE  1.11 | loss 0.0324 |  26327s
ep  2750 | eps 0.10 | return  -724.12 | HO   1.97 | HOF 144.51 | SE  1.12 | loss 0.0318 |  26571s
ep  2775 | eps 0.10 | return  -723.04 | HO   2.01 | HOF 144.23 | SE  1.12 | loss 0.0322 |  26815s
ep  2800 | eps 0.10 | return  -717.90 | HO   2.05 | HOF 143.20 | SE  1.12 | loss 0.0330 |  27059s
ep  2825 | eps 0.10 | return  -729.36 | HO   2.00 | HOF 145.73 | SE  1.12 | loss 0.0326 |  27302s
ep  2850 | eps 0.10 | return  -726.93 | HO   1.95 | HOF 145.30 | SE  1.12 | loss 0.0327 |  27545s
ep  2875 | eps 0.10 | return  -723.96 | HO   1.96 | HOF 144.50 | SE  1.12 | loss 0.0334 |  27788s
ep  2900 | eps 0.10 | return  -725.55 | HO   2.00 | HOF 145.06 | SE  1.12 | loss 0.0332 |  28031s
ep  2925 | eps 0.10 | return  -725.15 | HO   1.97 | HOF 144.89 | SE  1.12 | loss 0.0331 |  28273s
ep  2950 | eps 0.10 | return  -724.61 | HO   1.89 | HOF 144.82 | SE  1.12 | loss 0.0345 |  28516s
ep  2975 | eps 0.10 | return  -726.43 | HO   1.95 | HOF 145.12 | SE  1.12 | loss 0.0337 |  28757s
ep  3000 | eps 0.10 | return  -723.76 | HO   1.94 | HOF 144.56 | SE  1.12 | loss 0.0347 |  28997s
